10:59:21 **** Build of project UARTPrint1_bsp ****
make -k all 
"Running Make include in microblaze_1/libsrc/AXItmrmvoter_v1_0/src"
make -C microblaze_1/libsrc/AXItmrmvoter_v1_0/src -s include  "SHELL=CMD" "COMPILER=mb-gcc" "ARCHIVER=mb-ar" "COMPILER_FLAGS= -O2 -c -mcpu=v9.5 -mlittle-endian -mxl-soft-mul" "EXTRA_COMPILER_FLAGS=-g"
"Running Make include in microblaze_1/libsrc/bram_v4_0/src"
make -C microblaze_1/libsrc/bram_v4_0/src -s include  "SHELL=CMD" "COMPILER=mb-gcc" "ARCHIVER=mb-ar" "COMPILER_FLAGS= -O2 -c -mcpu=v9.5 -mlittle-endian -mxl-soft-mul" "EXTRA_COMPILER_FLAGS=-g"
"Running Make include in microblaze_1/libsrc/cpu_v2_3/src"
make -C microblaze_1/libsrc/cpu_v2_3/src -s include  "SHELL=CMD" "COMPILER=mb-gcc" "ARCHIVER=mb-ar" "COMPILER_FLAGS= -O2 -c -mcpu=v9.5 -mlittle-endian -mxl-soft-mul" "EXTRA_COMPILER_FLAGS=-g"
"Running Make include in microblaze_1/libsrc/gpio_v4_0/src"
make -C microblaze_1/libsrc/gpio_v4_0/src -s include  "SHELL=CMD" "COMPILER=mb-gcc" "ARCHIVER=mb-ar" "COMPILER_FLAGS= -O2 -c -mcpu=v9.5 -mlittle-endian -mxl-soft-mul" "EXTRA_COMPILER_FLAGS=-g"
"Running Make include in microblaze_1/libsrc/intc_v3_4/src"
make -C microblaze_1/libsrc/intc_v3_4/src -s include  "SHELL=CMD" "COMPILER=mb-gcc" "ARCHIVER=mb-ar" "COMPILER_FLAGS= -O2 -c -mcpu=v9.5 -mlittle-endian -mxl-soft-mul" "EXTRA_COMPILER_FLAGS=-g"
"Running Make include in microblaze_1/libsrc/standalone_v5_3/src"
make -C microblaze_1/libsrc/standalone_v5_3/src -s include  "SHELL=CMD" "COMPILER=mb-gcc" "ARCHIVER=mb-ar" "COMPILER_FLAGS= -O2 -c -mcpu=v9.5 -mlittle-endian -mxl-soft-mul" "EXTRA_COMPILER_FLAGS=-g"
"Running Make include in microblaze_1/libsrc/uartlite_v3_1/src"
make -C microblaze_1/libsrc/uartlite_v3_1/src -s include  "SHELL=CMD" "COMPILER=mb-gcc" "ARCHIVER=mb-ar" "COMPILER_FLAGS= -O2 -c -mcpu=v9.5 -mlittle-endian -mxl-soft-mul" "EXTRA_COMPILER_FLAGS=-g"
"Running Make libs in microblaze_1/libsrc/AXItmrmvoter_v1_0/src"
make -C microblaze_1/libsrc/AXItmrmvoter_v1_0/src -s libs  "SHELL=CMD" "COMPILER=mb-gcc" "ARCHIVER=mb-ar" "COMPILER_FLAGS= -O2 -c -mcpu=v9.5 -mlittle-endian -mxl-soft-mul" "EXTRA_COMPILER_FLAGS=-g"
"Compiling AXItmrmvoter..."
mb-ar: creating ../../../lib/libxil.a
"Running Make libs in microblaze_1/libsrc/bram_v4_0/src"
make -C microblaze_1/libsrc/bram_v4_0/src -s libs  "SHELL=CMD" "COMPILER=mb-gcc" "ARCHIVER=mb-ar" "COMPILER_FLAGS= -O2 -c -mcpu=v9.5 -mlittle-endian -mxl-soft-mul" "EXTRA_COMPILER_FLAGS=-g"
"Compiling bram"
"Running Make libs in microblaze_1/libsrc/cpu_v2_3/src"
make -C microblaze_1/libsrc/cpu_v2_3/src -s libs  "SHELL=CMD" "COMPILER=mb-gcc" "ARCHIVER=mb-ar" "COMPILER_FLAGS= -O2 -c -mcpu=v9.5 -mlittle-endian -mxl-soft-mul" "EXTRA_COMPILER_FLAGS=-g"
"Compiling cpu"
"Running Make libs in microblaze_1/libsrc/gpio_v4_0/src"
make -C microblaze_1/libsrc/gpio_v4_0/src -s libs  "SHELL=CMD" "COMPILER=mb-gcc" "ARCHIVER=mb-ar" "COMPILER_FLAGS= -O2 -c -mcpu=v9.5 -mlittle-endian -mxl-soft-mul" "EXTRA_COMPILER_FLAGS=-g"
"Compiling gpio"
"Running Make libs in microblaze_1/libsrc/intc_v3_4/src"
make -C microblaze_1/libsrc/intc_v3_4/src -s libs  "SHELL=CMD" "COMPILER=mb-gcc" "ARCHIVER=mb-ar" "COMPILER_FLAGS= -O2 -c -mcpu=v9.5 -mlittle-endian -mxl-soft-mul" "EXTRA_COMPILER_FLAGS=-g"
"Compiling intc"
"Running Make libs in microblaze_1/libsrc/standalone_v5_3/src"
make -C microblaze_1/libsrc/standalone_v5_3/src -s libs  "SHELL=CMD" "COMPILER=mb-gcc" "ARCHIVER=mb-ar" "COMPILER_FLAGS= -O2 -c -mcpu=v9.5 -mlittle-endian -mxl-soft-mul" "EXTRA_COMPILER_FLAGS=-g"
"Compiling standalone";
"Running Make libs in microblaze_1/libsrc/uartlite_v3_1/src"
make -C microblaze_1/libsrc/uartlite_v3_1/src -s libs  "SHELL=CMD" "COMPILER=mb-gcc" "ARCHIVER=mb-ar" "COMPILER_FLAGS= -O2 -c -mcpu=v9.5 -mlittle-endian -mxl-soft-mul" "EXTRA_COMPILER_FLAGS=-g"
"Compiling uartlite"
'Finished building libraries'
10:59:27 **** Build of configuration Debug for project BlinkingLED1 ****
make all 
'Building file: ../src/testperiph.c'
'Invoking: MicroBlaze gcc compiler'
mb-gcc -Wall -O0 -g3 -c -fmessage-length=0 -MT"src/testperiph.o" -I../../UARTPrint1_bsp/microblaze_1/include -mlittle-endian -mcpu=v9.5 -mxl-soft-mul -Wl,--no-relax -MMD -MP -MF"src/testperiph.d" -MT"src/testperiph.d" -o "src/testperiph.o" "../src/testperiph.c"
'Finished building: ../src/testperiph.c'
' '
'Building file: ../src/xbram_example.c'
'Invoking: MicroBlaze gcc compiler'
mb-gcc -Wall -O0 -g3 -c -fmessage-length=0 -MT"src/xbram_example.o" -I../../UARTPrint1_bsp/microblaze_1/include -mlittle-endian -mcpu=v9.5 -mxl-soft-mul -Wl,--no-relax -MMD -MP -MF"src/xbram_example.d" -MT"src/xbram_example.d" -o "src/xbram_example.o" "../src/xbram_example.c"
'Finished building: ../src/xbram_example.c'
' '
'Building file: ../src/xbram_intr_example.c'
'Invoking: MicroBlaze gcc compiler'
mb-gcc -Wall -O0 -g3 -c -fmessage-length=0 -MT"src/xbram_intr_example.o" -I../../UARTPrint1_bsp/microblaze_1/include -mlittle-endian -mcpu=v9.5 -mxl-soft-mul -Wl,--no-relax -MMD -MP -MF"src/xbram_intr_example.d" -MT"src/xbram_intr_example.d" -o "src/xbram_intr_example.o" "../src/xbram_intr_example.c"
../src/xbram_intr_example.c: In function 'BramSetupIntrSystem':
../src/xbram_intr_example.c:247:6: warning: variable 'Status' set but not used [-Wunused-but-set-variable]
  int Status;
      ^
'Finished building: ../src/xbram_intr_example.c'
' '
'Building file: ../src/xgpio_tapp_example.c'
'Invoking: MicroBlaze gcc compiler'
mb-gcc -Wall -O0 -g3 -c -fmessage-length=0 -MT"src/xgpio_tapp_example.o" -I../../UARTPrint1_bsp/microblaze_1/include -mlittle-endian -mcpu=v9.5 -mxl-soft-mul -Wl,--no-relax -MMD -MP -MF"src/xgpio_tapp_example.d" -MT"src/xgpio_tapp_example.d" -o "src/xgpio_tapp_example.o" "../src/xgpio_tapp_example.c"
../src/xgpio_tapp_example.c: In function 'GpioOutputExample':
../src/xgpio_tapp_example.c:172:6: warning: unused variable 'Data' [-Wunused-variable]
  u32 Data;
      ^
'Finished building: ../src/xgpio_tapp_example.c'
' '
'Building file: ../src/xintc_tapp_example.c'
'Invoking: MicroBlaze gcc compiler'
mb-gcc -Wall -O0 -g3 -c -fmessage-length=0 -MT"src/xintc_tapp_example.o" -I../../UARTPrint1_bsp/microblaze_1/include -mlittle-endian -mcpu=v9.5 -mxl-soft-mul -Wl,--no-relax -MMD -MP -MF"src/xintc_tapp_example.d" -MT"src/xintc_tapp_example.d" -o "src/xintc_tapp_example.o" "../src/xintc_tapp_example.c"
'Finished building: ../src/xintc_tapp_example.c'
' '
'Building target: BlinkingLED1.elf'
'Invoking: MicroBlaze gcc linker'
mb-gcc -Wl,-T -Wl,../src/lscript.ld -L../../UARTPrint1_bsp/microblaze_1/lib -mlittle-endian -mcpu=v9.5 -mxl-soft-mul -Wl,--no-relax -o "BlinkingLED1.elf"  ./src/testperiph.o ./src/xbram_example.o ./src/xbram_intr_example.o ./src/xgpio_tapp_example.o ./src/xintc_tapp_example.o   -Wl,--start-group,-lxil,-lgcc,-lc,--end-group
'Finished building target: BlinkingLED1.elf'
' '
'Invoking: MicroBlaze Print Size'
mb-size BlinkingLED1.elf  |tee "BlinkingLED1.elf.size"
   text	   data	    bss	    dec	    hex	filename
  23369	    556	   3579	  27504	   6b70	BlinkingLED1.elf
'Finished building: BlinkingLED1.elf.size'
' '
10:59:37 **** Build of project LED1_bsp ****
make -k all 
"Running Make include in microblaze_0/libsrc/bram_v4_0/src"
make -C microblaze_0/libsrc/bram_v4_0/src -s include  "SHELL=CMD" "COMPILER=mb-gcc" "ARCHIVER=mb-ar" "COMPILER_FLAGS= -O2 -c -mcpu=v9.5 -mlittle-endian -mxl-soft-mul" "EXTRA_COMPILER_FLAGS=-g"
"Running Make include in microblaze_0/libsrc/cpu_v2_3/src"
make -C microblaze_0/libsrc/cpu_v2_3/src -s include  "SHELL=CMD" "COMPILER=mb-gcc" "ARCHIVER=mb-ar" "COMPILER_FLAGS= -O2 -c -mcpu=v9.5 -mlittle-endian -mxl-soft-mul" "EXTRA_COMPILER_FLAGS=-g"
"Running Make include in microblaze_0/libsrc/gpio_v4_0/src"
make -C microblaze_0/libsrc/gpio_v4_0/src -s include  "SHELL=CMD" "COMPILER=mb-gcc" "ARCHIVER=mb-ar" "COMPILER_FLAGS= -O2 -c -mcpu=v9.5 -mlittle-endian -mxl-soft-mul" "EXTRA_COMPILER_FLAGS=-g"
"Running Make include in microblaze_0/libsrc/intc_v3_4/src"
make -C microblaze_0/libsrc/intc_v3_4/src -s include  "SHELL=CMD" "COMPILER=mb-gcc" "ARCHIVER=mb-ar" "COMPILER_FLAGS= -O2 -c -mcpu=v9.5 -mlittle-endian -mxl-soft-mul" "EXTRA_COMPILER_FLAGS=-g"
"Running Make include in microblaze_0/libsrc/standalone_v5_3/src"
make -C microblaze_0/libsrc/standalone_v5_3/src -s include  "SHELL=CMD" "COMPILER=mb-gcc" "ARCHIVER=mb-ar" "COMPILER_FLAGS= -O2 -c -mcpu=v9.5 -mlittle-endian -mxl-soft-mul" "EXTRA_COMPILER_FLAGS=-g"
"Running Make libs in microblaze_0/libsrc/bram_v4_0/src"
make -C microblaze_0/libsrc/bram_v4_0/src -s libs  "SHELL=CMD" "COMPILER=mb-gcc" "ARCHIVER=mb-ar" "COMPILER_FLAGS= -O2 -c -mcpu=v9.5 -mlittle-endian -mxl-soft-mul" "EXTRA_COMPILER_FLAGS=-g"
"Compiling bram"
mb-ar: creating ../../../lib/libxil.a
"Running Make libs in microblaze_0/libsrc/cpu_v2_3/src"
make -C microblaze_0/libsrc/cpu_v2_3/src -s libs  "SHELL=CMD" "COMPILER=mb-gcc" "ARCHIVER=mb-ar" "COMPILER_FLAGS= -O2 -c -mcpu=v9.5 -mlittle-endian -mxl-soft-mul" "EXTRA_COMPILER_FLAGS=-g"
"Compiling cpu"
"Running Make libs in microblaze_0/libsrc/gpio_v4_0/src"
make -C microblaze_0/libsrc/gpio_v4_0/src -s libs  "SHELL=CMD" "COMPILER=mb-gcc" "ARCHIVER=mb-ar" "COMPILER_FLAGS= -O2 -c -mcpu=v9.5 -mlittle-endian -mxl-soft-mul" "EXTRA_COMPILER_FLAGS=-g"
"Compiling gpio"
"Running Make libs in microblaze_0/libsrc/intc_v3_4/src"
make -C microblaze_0/libsrc/intc_v3_4/src -s libs  "SHELL=CMD" "COMPILER=mb-gcc" "ARCHIVER=mb-ar" "COMPILER_FLAGS= -O2 -c -mcpu=v9.5 -mlittle-endian -mxl-soft-mul" "EXTRA_COMPILER_FLAGS=-g"
"Compiling intc"
"Running Make libs in microblaze_0/libsrc/standalone_v5_3/src"
make -C microblaze_0/libsrc/standalone_v5_3/src -s libs  "SHELL=CMD" "COMPILER=mb-gcc" "ARCHIVER=mb-ar" "COMPILER_FLAGS= -O2 -c -mcpu=v9.5 -mlittle-endian -mxl-soft-mul" "EXTRA_COMPILER_FLAGS=-g"
"Compiling standalone";
'Finished building libraries'
10:59:41 **** Build of configuration Debug for project LED1 ****
make all 
'Building file: ../src/testperiph.c'
'Invoking: MicroBlaze gcc compiler'
mb-gcc -Wall -O0 -g3 -c -fmessage-length=0 -MT"src/testperiph.o" -I../../LED1_bsp/microblaze_0/include -mlittle-endian -mcpu=v9.5 -mxl-soft-mul -Wl,--no-relax -MMD -MP -MF"src/testperiph.d" -MT"src/testperiph.d" -o "src/testperiph.o" "../src/testperiph.c"
../src/testperiph.c: In function 'main':
../src/testperiph.c:50:11: warning: variable 'status' set but not used [-Wunused-but-set-variable]
       int status;
           ^
../src/testperiph.c:57:12: warning: variable 'Status' set but not used [-Wunused-but-set-variable]
        int Status;
            ^
../src/testperiph.c:65:11: warning: variable 'status' set but not used [-Wunused-but-set-variable]
       int status;
           ^
../src/testperiph.c:71:11: warning: variable 'status' set but not used [-Wunused-but-set-variable]
       int status;
           ^
../src/testperiph.c:77:12: warning: variable 'Status' set but not used [-Wunused-but-set-variable]
        int Status;
            ^
../src/testperiph.c:87:11: warning: variable 'status' set but not used [-Wunused-but-set-variable]
       int status;
           ^
../src/testperiph.c:93:12: warning: variable 'Status' set but not used [-Wunused-but-set-variable]
        int Status;
            ^
'Finished building: ../src/testperiph.c'
' '
'Building file: ../src/xbram_example.c'
'Invoking: MicroBlaze gcc compiler'
mb-gcc -Wall -O0 -g3 -c -fmessage-length=0 -MT"src/xbram_example.o" -I../../LED1_bsp/microblaze_0/include -mlittle-endian -mcpu=v9.5 -mxl-soft-mul -Wl,--no-relax -MMD -MP -MF"src/xbram_example.d" -MT"src/xbram_example.d" -o "src/xbram_example.o" "../src/xbram_example.c"
'Finished building: ../src/xbram_example.c'
' '
'Building file: ../src/xbram_intr_example.c'
'Invoking: MicroBlaze gcc compiler'
mb-gcc -Wall -O0 -g3 -c -fmessage-length=0 -MT"src/xbram_intr_example.o" -I../../LED1_bsp/microblaze_0/include -mlittle-endian -mcpu=v9.5 -mxl-soft-mul -Wl,--no-relax -MMD -MP -MF"src/xbram_intr_example.d" -MT"src/xbram_intr_example.d" -o "src/xbram_intr_example.o" "../src/xbram_intr_example.c"
../src/xbram_intr_example.c: In function 'BramSetupIntrSystem':
../src/xbram_intr_example.c:247:6: warning: variable 'Status' set but not used [-Wunused-but-set-variable]
  int Status;
      ^
'Finished building: ../src/xbram_intr_example.c'
' '
'Building file: ../src/xgpio_tapp_example.c'
'Invoking: MicroBlaze gcc compiler'
mb-gcc -Wall -O0 -g3 -c -fmessage-length=0 -MT"src/xgpio_tapp_example.o" -I../../LED1_bsp/microblaze_0/include -mlittle-endian -mcpu=v9.5 -mxl-soft-mul -Wl,--no-relax -MMD -MP -MF"src/xgpio_tapp_example.d" -MT"src/xgpio_tapp_example.d" -o "src/xgpio_tapp_example.o" "../src/xgpio_tapp_example.c"
../src/xgpio_tapp_example.c: In function 'GpioOutputExample':
../src/xgpio_tapp_example.c:172:6: warning: unused variable 'Data' [-Wunused-variable]
  u32 Data;
      ^
'Finished building: ../src/xgpio_tapp_example.c'
' '
'Building file: ../src/xintc_tapp_example.c'
'Invoking: MicroBlaze gcc compiler'
mb-gcc -Wall -O0 -g3 -c -fmessage-length=0 -MT"src/xintc_tapp_example.o" -I../../LED1_bsp/microblaze_0/include -mlittle-endian -mcpu=v9.5 -mxl-soft-mul -Wl,--no-relax -MMD -MP -MF"src/xintc_tapp_example.d" -MT"src/xintc_tapp_example.d" -o "src/xintc_tapp_example.o" "../src/xintc_tapp_example.c"
'Finished building: ../src/xintc_tapp_example.c'
' '
'Building target: LED1.elf'
'Invoking: MicroBlaze gcc linker'
mb-gcc -Wl,-T -Wl,../src/lscript.ld -L../../LED1_bsp/microblaze_0/lib -mlittle-endian -mcpu=v9.5 -mxl-soft-mul -Wl,--no-relax -o "LED1.elf"  ./src/testperiph.o ./src/xbram_example.o ./src/xbram_intr_example.o ./src/xgpio_tapp_example.o ./src/xintc_tapp_example.o   -Wl,--start-group,-lxil,-lgcc,-lc,--end-group
'Finished building target: LED1.elf'
' '
'Invoking: MicroBlaze Print Size'
mb-size LED1.elf  |tee "LED1.elf.size"
   text	   data	    bss	    dec	    hex	filename
  18760	    552	   2544	  21856	   5560	LED1.elf
'Finished building: LED1.elf.size'
' '
10:59:43 **** Build of project LED2_bsp ****
make -k all 
"Running Make include in microblaze_4/libsrc/bram_v4_0/src"
make -C microblaze_4/libsrc/bram_v4_0/src -s include  "SHELL=CMD" "COMPILER=mb-gcc" "ARCHIVER=mb-ar" "COMPILER_FLAGS= -O2 -c -mcpu=v9.5 -mlittle-endian -mxl-soft-mul" "EXTRA_COMPILER_FLAGS=-g"
"Running Make include in microblaze_4/libsrc/cpu_v2_3/src"
make -C microblaze_4/libsrc/cpu_v2_3/src -s include  "SHELL=CMD" "COMPILER=mb-gcc" "ARCHIVER=mb-ar" "COMPILER_FLAGS= -O2 -c -mcpu=v9.5 -mlittle-endian -mxl-soft-mul" "EXTRA_COMPILER_FLAGS=-g"
"Running Make include in microblaze_4/libsrc/gpio_v4_0/src"
make -C microblaze_4/libsrc/gpio_v4_0/src -s include  "SHELL=CMD" "COMPILER=mb-gcc" "ARCHIVER=mb-ar" "COMPILER_FLAGS= -O2 -c -mcpu=v9.5 -mlittle-endian -mxl-soft-mul" "EXTRA_COMPILER_FLAGS=-g"
"Running Make include in microblaze_4/libsrc/intc_v3_4/src"
make -C microblaze_4/libsrc/intc_v3_4/src -s include  "SHELL=CMD" "COMPILER=mb-gcc" "ARCHIVER=mb-ar" "COMPILER_FLAGS= -O2 -c -mcpu=v9.5 -mlittle-endian -mxl-soft-mul" "EXTRA_COMPILER_FLAGS=-g"
"Running Make include in microblaze_4/libsrc/standalone_v5_3/src"
make -C microblaze_4/libsrc/standalone_v5_3/src -s include  "SHELL=CMD" "COMPILER=mb-gcc" "ARCHIVER=mb-ar" "COMPILER_FLAGS= -O2 -c -mcpu=v9.5 -mlittle-endian -mxl-soft-mul" "EXTRA_COMPILER_FLAGS=-g"
"Running Make libs in microblaze_4/libsrc/bram_v4_0/src"
make -C microblaze_4/libsrc/bram_v4_0/src -s libs  "SHELL=CMD" "COMPILER=mb-gcc" "ARCHIVER=mb-ar" "COMPILER_FLAGS= -O2 -c -mcpu=v9.5 -mlittle-endian -mxl-soft-mul" "EXTRA_COMPILER_FLAGS=-g"
"Compiling bram"
mb-ar: creating ../../../lib/libxil.a
"Running Make libs in microblaze_4/libsrc/cpu_v2_3/src"
make -C microblaze_4/libsrc/cpu_v2_3/src -s libs  "SHELL=CMD" "COMPILER=mb-gcc" "ARCHIVER=mb-ar" "COMPILER_FLAGS= -O2 -c -mcpu=v9.5 -mlittle-endian -mxl-soft-mul" "EXTRA_COMPILER_FLAGS=-g"
"Compiling cpu"
"Running Make libs in microblaze_4/libsrc/gpio_v4_0/src"
make -C microblaze_4/libsrc/gpio_v4_0/src -s libs  "SHELL=CMD" "COMPILER=mb-gcc" "ARCHIVER=mb-ar" "COMPILER_FLAGS= -O2 -c -mcpu=v9.5 -mlittle-endian -mxl-soft-mul" "EXTRA_COMPILER_FLAGS=-g"
"Compiling gpio"
"Running Make libs in microblaze_4/libsrc/intc_v3_4/src"
make -C microblaze_4/libsrc/intc_v3_4/src -s libs  "SHELL=CMD" "COMPILER=mb-gcc" "ARCHIVER=mb-ar" "COMPILER_FLAGS= -O2 -c -mcpu=v9.5 -mlittle-endian -mxl-soft-mul" "EXTRA_COMPILER_FLAGS=-g"
"Compiling intc"
"Running Make libs in microblaze_4/libsrc/standalone_v5_3/src"
make -C microblaze_4/libsrc/standalone_v5_3/src -s libs  "SHELL=CMD" "COMPILER=mb-gcc" "ARCHIVER=mb-ar" "COMPILER_FLAGS= -O2 -c -mcpu=v9.5 -mlittle-endian -mxl-soft-mul" "EXTRA_COMPILER_FLAGS=-g"
"Compiling standalone";
'Finished building libraries'
10:59:48 **** Build of configuration Debug for project LED2 ****
make all 
'Building file: ../src/testperiph.c'
'Invoking: MicroBlaze gcc compiler'
mb-gcc -Wall -O0 -g3 -c -fmessage-length=0 -MT"src/testperiph.o" -I../../LED2_bsp/microblaze_4/include -mlittle-endian -mcpu=v9.5 -mxl-soft-mul -Wl,--no-relax -MMD -MP -MF"src/testperiph.d" -MT"src/testperiph.d" -o "src/testperiph.o" "../src/testperiph.c"
../src/testperiph.c: In function 'main':
../src/testperiph.c:50:11: warning: variable 'status' set but not used [-Wunused-but-set-variable]
       int status;
           ^
../src/testperiph.c:57:12: warning: variable 'Status' set but not used [-Wunused-but-set-variable]
        int Status;
            ^
../src/testperiph.c:65:11: warning: variable 'status' set but not used [-Wunused-but-set-variable]
       int status;
           ^
../src/testperiph.c:71:11: warning: variable 'status' set but not used [-Wunused-but-set-variable]
       int status;
           ^
../src/testperiph.c:77:12: warning: variable 'Status' set but not used [-Wunused-but-set-variable]
        int Status;
            ^
../src/testperiph.c:87:11: warning: variable 'status' set but not used [-Wunused-but-set-variable]
       int status;
           ^
../src/testperiph.c:93:12: warning: variable 'Status' set but not used [-Wunused-but-set-variable]
        int Status;
            ^
'Finished building: ../src/testperiph.c'
' '
'Building file: ../src/xbram_example.c'
'Invoking: MicroBlaze gcc compiler'
mb-gcc -Wall -O0 -g3 -c -fmessage-length=0 -MT"src/xbram_example.o" -I../../LED2_bsp/microblaze_4/include -mlittle-endian -mcpu=v9.5 -mxl-soft-mul -Wl,--no-relax -MMD -MP -MF"src/xbram_example.d" -MT"src/xbram_example.d" -o "src/xbram_example.o" "../src/xbram_example.c"
'Finished building: ../src/xbram_example.c'
' '
'Building file: ../src/xbram_intr_example.c'
'Invoking: MicroBlaze gcc compiler'
mb-gcc -Wall -O0 -g3 -c -fmessage-length=0 -MT"src/xbram_intr_example.o" -I../../LED2_bsp/microblaze_4/include -mlittle-endian -mcpu=v9.5 -mxl-soft-mul -Wl,--no-relax -MMD -MP -MF"src/xbram_intr_example.d" -MT"src/xbram_intr_example.d" -o "src/xbram_intr_example.o" "../src/xbram_intr_example.c"
../src/xbram_intr_example.c: In function 'BramSetupIntrSystem':
../src/xbram_intr_example.c:247:6: warning: variable 'Status' set but not used [-Wunused-but-set-variable]
  int Status;
      ^
'Finished building: ../src/xbram_intr_example.c'
' '
'Building file: ../src/xgpio_tapp_example.c'
'Invoking: MicroBlaze gcc compiler'
mb-gcc -Wall -O0 -g3 -c -fmessage-length=0 -MT"src/xgpio_tapp_example.o" -I../../LED2_bsp/microblaze_4/include -mlittle-endian -mcpu=v9.5 -mxl-soft-mul -Wl,--no-relax -MMD -MP -MF"src/xgpio_tapp_example.d" -MT"src/xgpio_tapp_example.d" -o "src/xgpio_tapp_example.o" "../src/xgpio_tapp_example.c"
../src/xgpio_tapp_example.c: In function 'GpioOutputExample':
../src/xgpio_tapp_example.c:172:6: warning: unused variable 'Data' [-Wunused-variable]
  u32 Data;
      ^
'Finished building: ../src/xgpio_tapp_example.c'
' '
'Building file: ../src/xintc_tapp_example.c'
'Invoking: MicroBlaze gcc compiler'
mb-gcc -Wall -O0 -g3 -c -fmessage-length=0 -MT"src/xintc_tapp_example.o" -I../../LED2_bsp/microblaze_4/include -mlittle-endian -mcpu=v9.5 -mxl-soft-mul -Wl,--no-relax -MMD -MP -MF"src/xintc_tapp_example.d" -MT"src/xintc_tapp_example.d" -o "src/xintc_tapp_example.o" "../src/xintc_tapp_example.c"
'Finished building: ../src/xintc_tapp_example.c'
' '
'Building target: LED2.elf'
'Invoking: MicroBlaze gcc linker'
mb-gcc -Wl,-T -Wl,../src/lscript.ld -L../../LED2_bsp/microblaze_4/lib -mlittle-endian -mcpu=v9.5 -mxl-soft-mul -Wl,--no-relax -o "LED2.elf"  ./src/testperiph.o ./src/xbram_example.o ./src/xbram_intr_example.o ./src/xgpio_tapp_example.o ./src/xintc_tapp_example.o   -Wl,--start-group,-lxil,-lgcc,-lc,--end-group
'Finished building target: LED2.elf'
' '
'Invoking: MicroBlaze Print Size'
mb-size LED2.elf  |tee "LED2.elf.size"
   text	   data	    bss	    dec	    hex	filename
  18760	    552	   2544	  21856	   5560	LED2.elf
'Finished building: LED2.elf.size'
' '
10:59:50 **** Build of project LED3_bsp ****
make -k all 
"Running Make include in microblaze_5/libsrc/bram_v4_0/src"
make -C microblaze_5/libsrc/bram_v4_0/src -s include  "SHELL=CMD" "COMPILER=mb-gcc" "ARCHIVER=mb-ar" "COMPILER_FLAGS= -O2 -c -mcpu=v9.5 -mlittle-endian -mxl-soft-mul" "EXTRA_COMPILER_FLAGS=-g"
"Running Make include in microblaze_5/libsrc/cpu_v2_3/src"
make -C microblaze_5/libsrc/cpu_v2_3/src -s include  "SHELL=CMD" "COMPILER=mb-gcc" "ARCHIVER=mb-ar" "COMPILER_FLAGS= -O2 -c -mcpu=v9.5 -mlittle-endian -mxl-soft-mul" "EXTRA_COMPILER_FLAGS=-g"
"Running Make include in microblaze_5/libsrc/gpio_v4_0/src"
make -C microblaze_5/libsrc/gpio_v4_0/src -s include  "SHELL=CMD" "COMPILER=mb-gcc" "ARCHIVER=mb-ar" "COMPILER_FLAGS= -O2 -c -mcpu=v9.5 -mlittle-endian -mxl-soft-mul" "EXTRA_COMPILER_FLAGS=-g"
"Running Make include in microblaze_5/libsrc/intc_v3_4/src"
make -C microblaze_5/libsrc/intc_v3_4/src -s include  "SHELL=CMD" "COMPILER=mb-gcc" "ARCHIVER=mb-ar" "COMPILER_FLAGS= -O2 -c -mcpu=v9.5 -mlittle-endian -mxl-soft-mul" "EXTRA_COMPILER_FLAGS=-g"
"Running Make include in microblaze_5/libsrc/standalone_v5_3/src"
make -C microblaze_5/libsrc/standalone_v5_3/src -s include  "SHELL=CMD" "COMPILER=mb-gcc" "ARCHIVER=mb-ar" "COMPILER_FLAGS= -O2 -c -mcpu=v9.5 -mlittle-endian -mxl-soft-mul" "EXTRA_COMPILER_FLAGS=-g"
"Running Make libs in microblaze_5/libsrc/bram_v4_0/src"
make -C microblaze_5/libsrc/bram_v4_0/src -s libs  "SHELL=CMD" "COMPILER=mb-gcc" "ARCHIVER=mb-ar" "COMPILER_FLAGS= -O2 -c -mcpu=v9.5 -mlittle-endian -mxl-soft-mul" "EXTRA_COMPILER_FLAGS=-g"
"Compiling bram"
mb-ar: creating ../../../lib/libxil.a
"Running Make libs in microblaze_5/libsrc/cpu_v2_3/src"
make -C microblaze_5/libsrc/cpu_v2_3/src -s libs  "SHELL=CMD" "COMPILER=mb-gcc" "ARCHIVER=mb-ar" "COMPILER_FLAGS= -O2 -c -mcpu=v9.5 -mlittle-endian -mxl-soft-mul" "EXTRA_COMPILER_FLAGS=-g"
"Compiling cpu"
"Running Make libs in microblaze_5/libsrc/gpio_v4_0/src"
make -C microblaze_5/libsrc/gpio_v4_0/src -s libs  "SHELL=CMD" "COMPILER=mb-gcc" "ARCHIVER=mb-ar" "COMPILER_FLAGS= -O2 -c -mcpu=v9.5 -mlittle-endian -mxl-soft-mul" "EXTRA_COMPILER_FLAGS=-g"
"Compiling gpio"
"Running Make libs in microblaze_5/libsrc/intc_v3_4/src"
make -C microblaze_5/libsrc/intc_v3_4/src -s libs  "SHELL=CMD" "COMPILER=mb-gcc" "ARCHIVER=mb-ar" "COMPILER_FLAGS= -O2 -c -mcpu=v9.5 -mlittle-endian -mxl-soft-mul" "EXTRA_COMPILER_FLAGS=-g"
"Compiling intc"
"Running Make libs in microblaze_5/libsrc/standalone_v5_3/src"
make -C microblaze_5/libsrc/standalone_v5_3/src -s libs  "SHELL=CMD" "COMPILER=mb-gcc" "ARCHIVER=mb-ar" "COMPILER_FLAGS= -O2 -c -mcpu=v9.5 -mlittle-endian -mxl-soft-mul" "EXTRA_COMPILER_FLAGS=-g"
"Compiling standalone";
'Finished building libraries'
10:59:54 **** Build of configuration Debug for project LED3 ****
make all 
'Building file: ../src/testperiph.c'
'Invoking: MicroBlaze gcc compiler'
mb-gcc -Wall -O0 -g3 -c -fmessage-length=0 -MT"src/testperiph.o" -I../../LED3_bsp/microblaze_5/include -mlittle-endian -mcpu=v9.5 -mxl-soft-mul -Wl,--no-relax -MMD -MP -MF"src/testperiph.d" -MT"src/testperiph.d" -o "src/testperiph.o" "../src/testperiph.c"
../src/testperiph.c: In function 'main':
../src/testperiph.c:50:11: warning: variable 'status' set but not used [-Wunused-but-set-variable]
       int status;
           ^
../src/testperiph.c:57:12: warning: variable 'Status' set but not used [-Wunused-but-set-variable]
        int Status;
            ^
../src/testperiph.c:65:11: warning: variable 'status' set but not used [-Wunused-but-set-variable]
       int status;
           ^
../src/testperiph.c:71:11: warning: variable 'status' set but not used [-Wunused-but-set-variable]
       int status;
           ^
../src/testperiph.c:77:12: warning: variable 'Status' set but not used [-Wunused-but-set-variable]
        int Status;
            ^
../src/testperiph.c:87:11: warning: variable 'status' set but not used [-Wunused-but-set-variable]
       int status;
           ^
../src/testperiph.c:93:12: warning: variable 'Status' set but not used [-Wunused-but-set-variable]
        int Status;
            ^
'Finished building: ../src/testperiph.c'
' '
'Building file: ../src/xbram_example.c'
'Invoking: MicroBlaze gcc compiler'
mb-gcc -Wall -O0 -g3 -c -fmessage-length=0 -MT"src/xbram_example.o" -I../../LED3_bsp/microblaze_5/include -mlittle-endian -mcpu=v9.5 -mxl-soft-mul -Wl,--no-relax -MMD -MP -MF"src/xbram_example.d" -MT"src/xbram_example.d" -o "src/xbram_example.o" "../src/xbram_example.c"
'Finished building: ../src/xbram_example.c'
' '
'Building file: ../src/xbram_intr_example.c'
'Invoking: MicroBlaze gcc compiler'
mb-gcc -Wall -O0 -g3 -c -fmessage-length=0 -MT"src/xbram_intr_example.o" -I../../LED3_bsp/microblaze_5/include -mlittle-endian -mcpu=v9.5 -mxl-soft-mul -Wl,--no-relax -MMD -MP -MF"src/xbram_intr_example.d" -MT"src/xbram_intr_example.d" -o "src/xbram_intr_example.o" "../src/xbram_intr_example.c"
../src/xbram_intr_example.c: In function 'BramSetupIntrSystem':
../src/xbram_intr_example.c:247:6: warning: variable 'Status' set but not used [-Wunused-but-set-variable]
  int Status;
      ^
'Finished building: ../src/xbram_intr_example.c'
' '
'Building file: ../src/xgpio_tapp_example.c'
'Invoking: MicroBlaze gcc compiler'
mb-gcc -Wall -O0 -g3 -c -fmessage-length=0 -MT"src/xgpio_tapp_example.o" -I../../LED3_bsp/microblaze_5/include -mlittle-endian -mcpu=v9.5 -mxl-soft-mul -Wl,--no-relax -MMD -MP -MF"src/xgpio_tapp_example.d" -MT"src/xgpio_tapp_example.d" -o "src/xgpio_tapp_example.o" "../src/xgpio_tapp_example.c"
../src/xgpio_tapp_example.c: In function 'GpioOutputExample':
../src/xgpio_tapp_example.c:172:6: warning: unused variable 'Data' [-Wunused-variable]
  u32 Data;
      ^
'Finished building: ../src/xgpio_tapp_example.c'
' '
'Building file: ../src/xintc_tapp_example.c'
'Invoking: MicroBlaze gcc compiler'
mb-gcc -Wall -O0 -g3 -c -fmessage-length=0 -MT"src/xintc_tapp_example.o" -I../../LED3_bsp/microblaze_5/include -mlittle-endian -mcpu=v9.5 -mxl-soft-mul -Wl,--no-relax -MMD -MP -MF"src/xintc_tapp_example.d" -MT"src/xintc_tapp_example.d" -o "src/xintc_tapp_example.o" "../src/xintc_tapp_example.c"
'Finished building: ../src/xintc_tapp_example.c'
' '
'Building target: LED3.elf'
'Invoking: MicroBlaze gcc linker'
mb-gcc -Wl,-T -Wl,../src/lscript.ld -L../../LED3_bsp/microblaze_5/lib -mlittle-endian -mcpu=v9.5 -mxl-soft-mul -Wl,--no-relax -o "LED3.elf"  ./src/testperiph.o ./src/xbram_example.o ./src/xbram_intr_example.o ./src/xgpio_tapp_example.o ./src/xintc_tapp_example.o   -Wl,--start-group,-lxil,-lgcc,-lc,--end-group
'Finished building target: LED3.elf'
' '
'Invoking: MicroBlaze Print Size'
mb-size LED3.elf  |tee "LED3.elf.size"
   text	   data	    bss	    dec	    hex	filename
  18760	    552	   2544	  21856	   5560	LED3.elf
'Finished building: LED3.elf.size'
' '
10:59:56 **** Build of configuration Debug for project UARTPrint1 ****
make all 
'Building file: ../src/helloworld.c'
'Invoking: MicroBlaze gcc compiler'
mb-gcc -Wall -O0 -g3 -c -fmessage-length=0 -MT"src/helloworld.o" -I../../UARTPrint1_bsp/microblaze_1/include -mlittle-endian -mcpu=v9.5 -mxl-soft-mul -Wl,--no-relax -MMD -MP -MF"src/helloworld.d" -MT"src/helloworld.d" -o "src/helloworld.o" "../src/helloworld.c"
../src/helloworld.c: In function 'main':
../src/helloworld.c:61:9: warning: implicit declaration of function 'Xil_Out32' [-Wimplicit-function-declaration]
         AXITMRMVOTER_mWriteReg(0x44A00000, AXITMRMVOTER_S00_AXI_SLV_REG0_OFFSET, 0x01010101);
         ^
../src/helloworld.c:62:9: warning: implicit declaration of function 'Xil_In32' [-Wimplicit-function-declaration]
         votedresult=AXITMRMVOTER_mReadReg(0x44A00000,AXITMRMVOTER_S00_AXI_SLV_REG4_OFFSET);
         ^
../src/helloworld.c:64:24: warning: initialization from incompatible pointer type
         char* cpointer=&votedresult;
                        ^
'Finished building: ../src/helloworld.c'
' '
'Building file: ../src/platform.c'
'Invoking: MicroBlaze gcc compiler'
mb-gcc -Wall -O0 -g3 -c -fmessage-length=0 -MT"src/platform.o" -I../../UARTPrint1_bsp/microblaze_1/include -mlittle-endian -mcpu=v9.5 -mxl-soft-mul -Wl,--no-relax -MMD -MP -MF"src/platform.d" -MT"src/platform.d" -o "src/platform.o" "../src/platform.c"
'Finished building: ../src/platform.c'
' '
'Building target: UARTPrint1.elf'
'Invoking: MicroBlaze gcc linker'
mb-gcc -Wl,-T -Wl,../src/lscript.ld -L../../UARTPrint1_bsp/microblaze_1/lib -mlittle-endian -mcpu=v9.5 -mxl-soft-mul -Wl,--no-relax -o "UARTPrint1.elf"  ./src/helloworld.o ./src/platform.o   -Wl,--start-group,-lxil,-lgcc,-lc,--end-group
'Finished building target: UARTPrint1.elf'
' '
'Invoking: MicroBlaze Print Size'
mb-size UARTPrint1.elf  |tee "UARTPrint1.elf.size"
   text	   data	    bss	    dec	    hex	filename
   8760	    400	   2224	  11384	   2c78	UARTPrint1.elf
'Finished building: UARTPrint1.elf.size'
' '
10:59:57 **** Build of configuration Debug for project CounterUARTPrint1 ****
make all 
'Building file: ../src/helloworld.c'
'Invoking: MicroBlaze gcc compiler'
mb-gcc -Wall -O0 -g3 -c -fmessage-length=0 -MT"src/helloworld.o" -I../../UARTPrint1_bsp/microblaze_1/include -mlittle-endian -mcpu=v9.5 -mxl-soft-mul -Wl,--no-relax -MMD -MP -MF"src/helloworld.d" -MT"src/helloworld.d" -o "src/helloworld.o" "../src/helloworld.c"
../src/helloworld.c: In function 'main':
../src/helloworld.c:63:9: warning: implicit declaration of function 'Xil_Out32' [-Wimplicit-function-declaration]
         AXITMRMVOTER_mWriteReg(0x44A00000, AXITMRMVOTER_S00_AXI_SLV_REG0_OFFSET, votedresult);
         ^
../src/helloworld.c:64:9: warning: implicit declaration of function 'Xil_In32' [-Wimplicit-function-declaration]
         votedresult=AXITMRMVOTER_mReadReg(0x44A00000,AXITMRMVOTER_S00_AXI_SLV_REG4_OFFSET);
         ^
../src/helloworld.c:66:24: warning: initialization from incompatible pointer type
         char* cpointer=&votedresult;
                        ^
'Finished building: ../src/helloworld.c'
' '
'Building file: ../src/platform.c'
'Invoking: MicroBlaze gcc compiler'
mb-gcc -Wall -O0 -g3 -c -fmessage-length=0 -MT"src/platform.o" -I../../UARTPrint1_bsp/microblaze_1/include -mlittle-endian -mcpu=v9.5 -mxl-soft-mul -Wl,--no-relax -MMD -MP -MF"src/platform.d" -MT"src/platform.d" -o "src/platform.o" "../src/platform.c"
'Finished building: ../src/platform.c'
' '
'Building target: CounterUARTPrint1.elf'
'Invoking: MicroBlaze gcc linker'
mb-gcc -Wl,-T -Wl,../src/lscript.ld -L../../UARTPrint1_bsp/microblaze_1/lib -mlittle-endian -mcpu=v9.5 -mxl-soft-mul -Wl,--no-relax -o "CounterUARTPrint1.elf"  ./src/helloworld.o ./src/platform.o   -Wl,--start-group,-lxil,-lgcc,-lc,--end-group
'Finished building target: CounterUARTPrint1.elf'
' '
'Invoking: MicroBlaze Print Size'
mb-size CounterUARTPrint1.elf  |tee "CounterUARTPrint1.elf.size"
   text	   data	    bss	    dec	    hex	filename
   8848	    400	   2224	  11472	   2cd0	CounterUARTPrint1.elf
'Finished building: CounterUARTPrint1.elf.size'
' '
10:59:58 **** Incremental Build of configuration Debug for project BlinkingLED1 ****
make all 
make: Nothing to be done for `all'.
10:59:58 **** Build of project UARTPrint2_bsp ****
make -k all 
"Running Make include in microblaze_2/libsrc/AXItmrmvoter_v1_0/src"
make -C microblaze_2/libsrc/AXItmrmvoter_v1_0/src -s include  "SHELL=CMD" "COMPILER=mb-gcc" "ARCHIVER=mb-ar" "COMPILER_FLAGS= -O2 -c -mcpu=v9.5 -mlittle-endian -mxl-soft-mul" "EXTRA_COMPILER_FLAGS=-g"
"Running Make include in microblaze_2/libsrc/bram_v4_0/src"
make -C microblaze_2/libsrc/bram_v4_0/src -s include  "SHELL=CMD" "COMPILER=mb-gcc" "ARCHIVER=mb-ar" "COMPILER_FLAGS= -O2 -c -mcpu=v9.5 -mlittle-endian -mxl-soft-mul" "EXTRA_COMPILER_FLAGS=-g"
"Running Make include in microblaze_2/libsrc/cpu_v2_3/src"
make -C microblaze_2/libsrc/cpu_v2_3/src -s include  "SHELL=CMD" "COMPILER=mb-gcc" "ARCHIVER=mb-ar" "COMPILER_FLAGS= -O2 -c -mcpu=v9.5 -mlittle-endian -mxl-soft-mul" "EXTRA_COMPILER_FLAGS=-g"
"Running Make include in microblaze_2/libsrc/gpio_v4_0/src"
make -C microblaze_2/libsrc/gpio_v4_0/src -s include  "SHELL=CMD" "COMPILER=mb-gcc" "ARCHIVER=mb-ar" "COMPILER_FLAGS= -O2 -c -mcpu=v9.5 -mlittle-endian -mxl-soft-mul" "EXTRA_COMPILER_FLAGS=-g"
"Running Make include in microblaze_2/libsrc/intc_v3_4/src"
make -C microblaze_2/libsrc/intc_v3_4/src -s include  "SHELL=CMD" "COMPILER=mb-gcc" "ARCHIVER=mb-ar" "COMPILER_FLAGS= -O2 -c -mcpu=v9.5 -mlittle-endian -mxl-soft-mul" "EXTRA_COMPILER_FLAGS=-g"
"Running Make include in microblaze_2/libsrc/standalone_v5_3/src"
make -C microblaze_2/libsrc/standalone_v5_3/src -s include  "SHELL=CMD" "COMPILER=mb-gcc" "ARCHIVER=mb-ar" "COMPILER_FLAGS= -O2 -c -mcpu=v9.5 -mlittle-endian -mxl-soft-mul" "EXTRA_COMPILER_FLAGS=-g"
"Running Make include in microblaze_2/libsrc/uartlite_v3_1/src"
make -C microblaze_2/libsrc/uartlite_v3_1/src -s include  "SHELL=CMD" "COMPILER=mb-gcc" "ARCHIVER=mb-ar" "COMPILER_FLAGS= -O2 -c -mcpu=v9.5 -mlittle-endian -mxl-soft-mul" "EXTRA_COMPILER_FLAGS=-g"
"Running Make libs in microblaze_2/libsrc/AXItmrmvoter_v1_0/src"
make -C microblaze_2/libsrc/AXItmrmvoter_v1_0/src -s libs  "SHELL=CMD" "COMPILER=mb-gcc" "ARCHIVER=mb-ar" "COMPILER_FLAGS= -O2 -c -mcpu=v9.5 -mlittle-endian -mxl-soft-mul" "EXTRA_COMPILER_FLAGS=-g"
"Compiling AXItmrmvoter..."
mb-ar: creating ../../../lib/libxil.a
"Running Make libs in microblaze_2/libsrc/bram_v4_0/src"
make -C microblaze_2/libsrc/bram_v4_0/src -s libs  "SHELL=CMD" "COMPILER=mb-gcc" "ARCHIVER=mb-ar" "COMPILER_FLAGS= -O2 -c -mcpu=v9.5 -mlittle-endian -mxl-soft-mul" "EXTRA_COMPILER_FLAGS=-g"
"Compiling bram"
"Running Make libs in microblaze_2/libsrc/cpu_v2_3/src"
make -C microblaze_2/libsrc/cpu_v2_3/src -s libs  "SHELL=CMD" "COMPILER=mb-gcc" "ARCHIVER=mb-ar" "COMPILER_FLAGS= -O2 -c -mcpu=v9.5 -mlittle-endian -mxl-soft-mul" "EXTRA_COMPILER_FLAGS=-g"
"Compiling cpu"
"Running Make libs in microblaze_2/libsrc/gpio_v4_0/src"
make -C microblaze_2/libsrc/gpio_v4_0/src -s libs  "SHELL=CMD" "COMPILER=mb-gcc" "ARCHIVER=mb-ar" "COMPILER_FLAGS= -O2 -c -mcpu=v9.5 -mlittle-endian -mxl-soft-mul" "EXTRA_COMPILER_FLAGS=-g"
"Compiling gpio"
"Running Make libs in microblaze_2/libsrc/intc_v3_4/src"
make -C microblaze_2/libsrc/intc_v3_4/src -s libs  "SHELL=CMD" "COMPILER=mb-gcc" "ARCHIVER=mb-ar" "COMPILER_FLAGS= -O2 -c -mcpu=v9.5 -mlittle-endian -mxl-soft-mul" "EXTRA_COMPILER_FLAGS=-g"
"Compiling intc"
"Running Make libs in microblaze_2/libsrc/standalone_v5_3/src"
make -C microblaze_2/libsrc/standalone_v5_3/src -s libs  "SHELL=CMD" "COMPILER=mb-gcc" "ARCHIVER=mb-ar" "COMPILER_FLAGS= -O2 -c -mcpu=v9.5 -mlittle-endian -mxl-soft-mul" "EXTRA_COMPILER_FLAGS=-g"
"Compiling standalone";
"Running Make libs in microblaze_2/libsrc/uartlite_v3_1/src"
make -C microblaze_2/libsrc/uartlite_v3_1/src -s libs  "SHELL=CMD" "COMPILER=mb-gcc" "ARCHIVER=mb-ar" "COMPILER_FLAGS= -O2 -c -mcpu=v9.5 -mlittle-endian -mxl-soft-mul" "EXTRA_COMPILER_FLAGS=-g"
"Compiling uartlite"
'Finished building libraries'
11:00:04 **** Build of configuration Debug for project UARTPrint2 ****
make all 
'Building file: ../src/helloworld.c'
'Invoking: MicroBlaze gcc compiler'
mb-gcc -Wall -O0 -g3 -c -fmessage-length=0 -MT"src/helloworld.o" -I../../UARTPrint2_bsp/microblaze_2/include -mlittle-endian -mcpu=v9.5 -mxl-soft-mul -Wl,--no-relax -MMD -MP -MF"src/helloworld.d" -MT"src/helloworld.d" -o "src/helloworld.o" "../src/helloworld.c"
../src/helloworld.c: In function 'main':
../src/helloworld.c:62:9: warning: implicit declaration of function 'Xil_Out32' [-Wimplicit-function-declaration]
         AXITMRMVOTER_mWriteReg(0x44A00000, AXITMRMVOTER_S01_AXI_SLV_REG0_OFFSET, 0x01010101);
         ^
../src/helloworld.c:63:9: warning: implicit declaration of function 'Xil_In32' [-Wimplicit-function-declaration]
         votedresult=AXITMRMVOTER_mReadReg(0x44A00000,AXITMRMVOTER_S01_AXI_SLV_REG4_OFFSET);
         ^
../src/helloworld.c:65:24: warning: initialization from incompatible pointer type
         char* cpointer=&votedresult;
                        ^
'Finished building: ../src/helloworld.c'
' '
'Building file: ../src/platform.c'
'Invoking: MicroBlaze gcc compiler'
mb-gcc -Wall -O0 -g3 -c -fmessage-length=0 -MT"src/platform.o" -I../../UARTPrint2_bsp/microblaze_2/include -mlittle-endian -mcpu=v9.5 -mxl-soft-mul -Wl,--no-relax -MMD -MP -MF"src/platform.d" -MT"src/platform.d" -o "src/platform.o" "../src/platform.c"
'Finished building: ../src/platform.c'
' '
'Building target: UARTPrint2.elf'
'Invoking: MicroBlaze gcc linker'
mb-gcc -Wl,-T -Wl,../src/lscript.ld -L../../UARTPrint2_bsp/microblaze_2/lib -mlittle-endian -mcpu=v9.5 -mxl-soft-mul -Wl,--no-relax -o "UARTPrint2.elf"  ./src/helloworld.o ./src/platform.o   -Wl,--start-group,-lxil,-lgcc,-lc,--end-group
'Finished building target: UARTPrint2.elf'
' '
'Invoking: MicroBlaze Print Size'
mb-size UARTPrint2.elf  |tee "UARTPrint2.elf.size"
   text	   data	    bss	    dec	    hex	filename
   8760	    400	   2224	  11384	   2c78	UARTPrint2.elf
'Finished building: UARTPrint2.elf.size'
' '
11:00:05 **** Build of configuration Debug for project CounterUARTPrint2 ****
make all 
'Building file: ../src/helloworld.c'
'Invoking: MicroBlaze gcc compiler'
mb-gcc -Wall -O0 -g3 -c -fmessage-length=0 -MT"src/helloworld.o" -I../../UARTPrint2_bsp/microblaze_2/include -mlittle-endian -mcpu=v9.5 -mxl-soft-mul -Wl,--no-relax -MMD -MP -MF"src/helloworld.d" -MT"src/helloworld.d" -o "src/helloworld.o" "../src/helloworld.c"
../src/helloworld.c: In function 'main':
../src/helloworld.c:63:9: warning: implicit declaration of function 'Xil_Out32' [-Wimplicit-function-declaration]
         AXITMRMVOTER_mWriteReg(0x44A00000, AXITMRMVOTER_S00_AXI_SLV_REG0_OFFSET, votedresult);
         ^
../src/helloworld.c:64:9: warning: implicit declaration of function 'Xil_In32' [-Wimplicit-function-declaration]
         votedresult=AXITMRMVOTER_mReadReg(0x44A00000,AXITMRMVOTER_S00_AXI_SLV_REG4_OFFSET);
         ^
../src/helloworld.c:66:24: warning: initialization from incompatible pointer type
         char* cpointer=&votedresult;
                        ^
'Finished building: ../src/helloworld.c'
' '
'Building file: ../src/platform.c'
'Invoking: MicroBlaze gcc compiler'
mb-gcc -Wall -O0 -g3 -c -fmessage-length=0 -MT"src/platform.o" -I../../UARTPrint2_bsp/microblaze_2/include -mlittle-endian -mcpu=v9.5 -mxl-soft-mul -Wl,--no-relax -MMD -MP -MF"src/platform.d" -MT"src/platform.d" -o "src/platform.o" "../src/platform.c"
'Finished building: ../src/platform.c'
' '
'Building target: CounterUARTPrint2.elf'
'Invoking: MicroBlaze gcc linker'
mb-gcc -Wl,-T -Wl,../src/lscript.ld -L../../UARTPrint2_bsp/microblaze_2/lib -mlittle-endian -mcpu=v9.5 -mxl-soft-mul -Wl,--no-relax -o "CounterUARTPrint2.elf"  ./src/helloworld.o ./src/platform.o   -Wl,--start-group,-lxil,-lgcc,-lc,--end-group
'Finished building target: CounterUARTPrint2.elf'
' '
'Invoking: MicroBlaze Print Size'
mb-size CounterUARTPrint2.elf  |tee "CounterUARTPrint2.elf.size"
   text	   data	    bss	    dec	    hex	filename
   8848	    400	   2224	  11472	   2cd0	CounterUARTPrint2.elf
'Finished building: CounterUARTPrint2.elf.size'
' '
11:00:06 **** Build of configuration Debug for project BlinkingLED2 ****
make all 
'Building file: ../src/testperiph.c'
'Invoking: MicroBlaze gcc compiler'
mb-gcc -Wall -O0 -g3 -c -fmessage-length=0 -MT"src/testperiph.o" -I../../UARTPrint2_bsp/microblaze_2/include -mlittle-endian -mcpu=v9.5 -mxl-soft-mul -Wl,--no-relax -MMD -MP -MF"src/testperiph.d" -MT"src/testperiph.d" -o "src/testperiph.o" "../src/testperiph.c"
'Finished building: ../src/testperiph.c'
' '
'Building file: ../src/xbram_example.c'
'Invoking: MicroBlaze gcc compiler'
mb-gcc -Wall -O0 -g3 -c -fmessage-length=0 -MT"src/xbram_example.o" -I../../UARTPrint2_bsp/microblaze_2/include -mlittle-endian -mcpu=v9.5 -mxl-soft-mul -Wl,--no-relax -MMD -MP -MF"src/xbram_example.d" -MT"src/xbram_example.d" -o "src/xbram_example.o" "../src/xbram_example.c"
'Finished building: ../src/xbram_example.c'
' '
'Building file: ../src/xbram_intr_example.c'
'Invoking: MicroBlaze gcc compiler'
mb-gcc -Wall -O0 -g3 -c -fmessage-length=0 -MT"src/xbram_intr_example.o" -I../../UARTPrint2_bsp/microblaze_2/include -mlittle-endian -mcpu=v9.5 -mxl-soft-mul -Wl,--no-relax -MMD -MP -MF"src/xbram_intr_example.d" -MT"src/xbram_intr_example.d" -o "src/xbram_intr_example.o" "../src/xbram_intr_example.c"
../src/xbram_intr_example.c: In function 'BramSetupIntrSystem':
../src/xbram_intr_example.c:247:6: warning: variable 'Status' set but not used [-Wunused-but-set-variable]
  int Status;
      ^
'Finished building: ../src/xbram_intr_example.c'
' '
'Building file: ../src/xgpio_tapp_example.c'
'Invoking: MicroBlaze gcc compiler'
mb-gcc -Wall -O0 -g3 -c -fmessage-length=0 -MT"src/xgpio_tapp_example.o" -I../../UARTPrint2_bsp/microblaze_2/include -mlittle-endian -mcpu=v9.5 -mxl-soft-mul -Wl,--no-relax -MMD -MP -MF"src/xgpio_tapp_example.d" -MT"src/xgpio_tapp_example.d" -o "src/xgpio_tapp_example.o" "../src/xgpio_tapp_example.c"
../src/xgpio_tapp_example.c: In function 'GpioOutputExample':
../src/xgpio_tapp_example.c:172:6: warning: unused variable 'Data' [-Wunused-variable]
  u32 Data;
      ^
'Finished building: ../src/xgpio_tapp_example.c'
' '
'Building file: ../src/xintc_tapp_example.c'
'Invoking: MicroBlaze gcc compiler'
mb-gcc -Wall -O0 -g3 -c -fmessage-length=0 -MT"src/xintc_tapp_example.o" -I../../UARTPrint2_bsp/microblaze_2/include -mlittle-endian -mcpu=v9.5 -mxl-soft-mul -Wl,--no-relax -MMD -MP -MF"src/xintc_tapp_example.d" -MT"src/xintc_tapp_example.d" -o "src/xintc_tapp_example.o" "../src/xintc_tapp_example.c"
'Finished building: ../src/xintc_tapp_example.c'
' '
'Building target: BlinkingLED2.elf'
'Invoking: MicroBlaze gcc linker'
mb-gcc -Wl,-T -Wl,../src/lscript.ld -L../../UARTPrint2_bsp/microblaze_2/lib -mlittle-endian -mcpu=v9.5 -mxl-soft-mul -Wl,--no-relax -o "BlinkingLED2.elf"  ./src/testperiph.o ./src/xbram_example.o ./src/xbram_intr_example.o ./src/xgpio_tapp_example.o ./src/xintc_tapp_example.o   -Wl,--start-group,-lxil,-lgcc,-lc,--end-group
'Finished building target: BlinkingLED2.elf'
' '
'Invoking: MicroBlaze Print Size'
mb-size BlinkingLED2.elf  |tee "BlinkingLED2.elf.size"
   text	   data	    bss	    dec	    hex	filename
  23369	    556	   3579	  27504	   6b70	BlinkingLED2.elf
'Finished building: BlinkingLED2.elf.size'
' '
11:00:08 **** Build of project UARTPrint3_bsp ****
make -k all 
"Running Make include in microblaze_3/libsrc/AXItmrmvoter_v1_0/src"
make -C microblaze_3/libsrc/AXItmrmvoter_v1_0/src -s include  "SHELL=CMD" "COMPILER=mb-gcc" "ARCHIVER=mb-ar" "COMPILER_FLAGS= -O2 -c -mcpu=v9.5 -mlittle-endian -mxl-soft-mul" "EXTRA_COMPILER_FLAGS=-g"
"Running Make include in microblaze_3/libsrc/bram_v4_0/src"
make -C microblaze_3/libsrc/bram_v4_0/src -s include  "SHELL=CMD" "COMPILER=mb-gcc" "ARCHIVER=mb-ar" "COMPILER_FLAGS= -O2 -c -mcpu=v9.5 -mlittle-endian -mxl-soft-mul" "EXTRA_COMPILER_FLAGS=-g"
"Running Make include in microblaze_3/libsrc/cpu_v2_3/src"
make -C microblaze_3/libsrc/cpu_v2_3/src -s include  "SHELL=CMD" "COMPILER=mb-gcc" "ARCHIVER=mb-ar" "COMPILER_FLAGS= -O2 -c -mcpu=v9.5 -mlittle-endian -mxl-soft-mul" "EXTRA_COMPILER_FLAGS=-g"
"Running Make include in microblaze_3/libsrc/gpio_v4_0/src"
make -C microblaze_3/libsrc/gpio_v4_0/src -s include  "SHELL=CMD" "COMPILER=mb-gcc" "ARCHIVER=mb-ar" "COMPILER_FLAGS= -O2 -c -mcpu=v9.5 -mlittle-endian -mxl-soft-mul" "EXTRA_COMPILER_FLAGS=-g"
"Running Make include in microblaze_3/libsrc/intc_v3_4/src"
make -C microblaze_3/libsrc/intc_v3_4/src -s include  "SHELL=CMD" "COMPILER=mb-gcc" "ARCHIVER=mb-ar" "COMPILER_FLAGS= -O2 -c -mcpu=v9.5 -mlittle-endian -mxl-soft-mul" "EXTRA_COMPILER_FLAGS=-g"
"Running Make include in microblaze_3/libsrc/standalone_v5_3/src"
make -C microblaze_3/libsrc/standalone_v5_3/src -s include  "SHELL=CMD" "COMPILER=mb-gcc" "ARCHIVER=mb-ar" "COMPILER_FLAGS= -O2 -c -mcpu=v9.5 -mlittle-endian -mxl-soft-mul" "EXTRA_COMPILER_FLAGS=-g"
"Running Make include in microblaze_3/libsrc/uartlite_v3_1/src"
make -C microblaze_3/libsrc/uartlite_v3_1/src -s include  "SHELL=CMD" "COMPILER=mb-gcc" "ARCHIVER=mb-ar" "COMPILER_FLAGS= -O2 -c -mcpu=v9.5 -mlittle-endian -mxl-soft-mul" "EXTRA_COMPILER_FLAGS=-g"
"Running Make libs in microblaze_3/libsrc/AXItmrmvoter_v1_0/src"
make -C microblaze_3/libsrc/AXItmrmvoter_v1_0/src -s libs  "SHELL=CMD" "COMPILER=mb-gcc" "ARCHIVER=mb-ar" "COMPILER_FLAGS= -O2 -c -mcpu=v9.5 -mlittle-endian -mxl-soft-mul" "EXTRA_COMPILER_FLAGS=-g"
"Compiling AXItmrmvoter..."
mb-ar: creating ../../../lib/libxil.a
"Running Make libs in microblaze_3/libsrc/bram_v4_0/src"
make -C microblaze_3/libsrc/bram_v4_0/src -s libs  "SHELL=CMD" "COMPILER=mb-gcc" "ARCHIVER=mb-ar" "COMPILER_FLAGS= -O2 -c -mcpu=v9.5 -mlittle-endian -mxl-soft-mul" "EXTRA_COMPILER_FLAGS=-g"
"Compiling bram"
"Running Make libs in microblaze_3/libsrc/cpu_v2_3/src"
make -C microblaze_3/libsrc/cpu_v2_3/src -s libs  "SHELL=CMD" "COMPILER=mb-gcc" "ARCHIVER=mb-ar" "COMPILER_FLAGS= -O2 -c -mcpu=v9.5 -mlittle-endian -mxl-soft-mul" "EXTRA_COMPILER_FLAGS=-g"
"Compiling cpu"
"Running Make libs in microblaze_3/libsrc/gpio_v4_0/src"
make -C microblaze_3/libsrc/gpio_v4_0/src -s libs  "SHELL=CMD" "COMPILER=mb-gcc" "ARCHIVER=mb-ar" "COMPILER_FLAGS= -O2 -c -mcpu=v9.5 -mlittle-endian -mxl-soft-mul" "EXTRA_COMPILER_FLAGS=-g"
"Compiling gpio"
"Running Make libs in microblaze_3/libsrc/intc_v3_4/src"
make -C microblaze_3/libsrc/intc_v3_4/src -s libs  "SHELL=CMD" "COMPILER=mb-gcc" "ARCHIVER=mb-ar" "COMPILER_FLAGS= -O2 -c -mcpu=v9.5 -mlittle-endian -mxl-soft-mul" "EXTRA_COMPILER_FLAGS=-g"
"Compiling intc"
"Running Make libs in microblaze_3/libsrc/standalone_v5_3/src"
make -C microblaze_3/libsrc/standalone_v5_3/src -s libs  "SHELL=CMD" "COMPILER=mb-gcc" "ARCHIVER=mb-ar" "COMPILER_FLAGS= -O2 -c -mcpu=v9.5 -mlittle-endian -mxl-soft-mul" "EXTRA_COMPILER_FLAGS=-g"
"Compiling standalone";
"Running Make libs in microblaze_3/libsrc/uartlite_v3_1/src"
make -C microblaze_3/libsrc/uartlite_v3_1/src -s libs  "SHELL=CMD" "COMPILER=mb-gcc" "ARCHIVER=mb-ar" "COMPILER_FLAGS= -O2 -c -mcpu=v9.5 -mlittle-endian -mxl-soft-mul" "EXTRA_COMPILER_FLAGS=-g"
"Compiling uartlite"
'Finished building libraries'
11:00:13 **** Build of configuration Debug for project UARTPrint3 ****
make all 
'Building file: ../src/helloworld.c'
'Invoking: MicroBlaze gcc compiler'
mb-gcc -Wall -O0 -g3 -c -fmessage-length=0 -MT"src/helloworld.o" -I../../UARTPrint3_bsp/microblaze_3/include -mlittle-endian -mcpu=v9.5 -mxl-soft-mul -Wl,--no-relax -MMD -MP -MF"src/helloworld.d" -MT"src/helloworld.d" -o "src/helloworld.o" "../src/helloworld.c"
../src/helloworld.c: In function 'main':
../src/helloworld.c:62:9: warning: implicit declaration of function 'Xil_Out32' [-Wimplicit-function-declaration]
         AXITMRMVOTER_mWriteReg(0x44A00000, AXITMRMVOTER_S02_AXI_SLV_REG0_OFFSET, 0x01010101);
         ^
../src/helloworld.c:63:9: warning: implicit declaration of function 'Xil_In32' [-Wimplicit-function-declaration]
         votedresult=AXITMRMVOTER_mReadReg(0x44A00000,AXITMRMVOTER_S02_AXI_SLV_REG4_OFFSET);
         ^
../src/helloworld.c:65:24: warning: initialization from incompatible pointer type
         char* cpointer=&votedresult;
                        ^
'Finished building: ../src/helloworld.c'
' '
'Building file: ../src/platform.c'
'Invoking: MicroBlaze gcc compiler'
mb-gcc -Wall -O0 -g3 -c -fmessage-length=0 -MT"src/platform.o" -I../../UARTPrint3_bsp/microblaze_3/include -mlittle-endian -mcpu=v9.5 -mxl-soft-mul -Wl,--no-relax -MMD -MP -MF"src/platform.d" -MT"src/platform.d" -o "src/platform.o" "../src/platform.c"
'Finished building: ../src/platform.c'
' '
'Building target: UARTPrint3.elf'
'Invoking: MicroBlaze gcc linker'
mb-gcc -Wl,-T -Wl,../src/lscript.ld -L../../UARTPrint3_bsp/microblaze_3/lib -mlittle-endian -mcpu=v9.5 -mxl-soft-mul -Wl,--no-relax -o "UARTPrint3.elf"  ./src/helloworld.o ./src/platform.o   -Wl,--start-group,-lxil,-lgcc,-lc,--end-group
'Finished building target: UARTPrint3.elf'
' '
'Invoking: MicroBlaze Print Size'
mb-size UARTPrint3.elf  |tee "UARTPrint3.elf.size"
   text	   data	    bss	    dec	    hex	filename
   8760	    400	   2224	  11384	   2c78	UARTPrint3.elf
'Finished building: UARTPrint3.elf.size'
' '
11:00:14 **** Build of configuration Debug for project CounterUARTPrint3 ****
make all 
'Building file: ../src/helloworld.c'
'Invoking: MicroBlaze gcc compiler'
mb-gcc -Wall -O0 -g3 -c -fmessage-length=0 -MT"src/helloworld.o" -I../../UARTPrint3_bsp/microblaze_3/include -mlittle-endian -mcpu=v9.5 -mxl-soft-mul -Wl,--no-relax -MMD -MP -MF"src/helloworld.d" -MT"src/helloworld.d" -o "src/helloworld.o" "../src/helloworld.c"
../src/helloworld.c: In function 'main':
../src/helloworld.c:63:9: warning: implicit declaration of function 'Xil_Out32' [-Wimplicit-function-declaration]
         AXITMRMVOTER_mWriteReg(0x44A00000, AXITMRMVOTER_S00_AXI_SLV_REG0_OFFSET, votedresult);
         ^
../src/helloworld.c:64:9: warning: implicit declaration of function 'Xil_In32' [-Wimplicit-function-declaration]
         votedresult=AXITMRMVOTER_mReadReg(0x44A00000,AXITMRMVOTER_S00_AXI_SLV_REG4_OFFSET);
         ^
../src/helloworld.c:66:24: warning: initialization from incompatible pointer type
         char* cpointer=&votedresult;
                        ^
'Finished building: ../src/helloworld.c'
' '
'Building file: ../src/platform.c'
'Invoking: MicroBlaze gcc compiler'
mb-gcc -Wall -O0 -g3 -c -fmessage-length=0 -MT"src/platform.o" -I../../UARTPrint3_bsp/microblaze_3/include -mlittle-endian -mcpu=v9.5 -mxl-soft-mul -Wl,--no-relax -MMD -MP -MF"src/platform.d" -MT"src/platform.d" -o "src/platform.o" "../src/platform.c"
'Finished building: ../src/platform.c'
' '
'Building target: CounterUARTPrint3.elf'
'Invoking: MicroBlaze gcc linker'
mb-gcc -Wl,-T -Wl,../src/lscript.ld -L../../UARTPrint3_bsp/microblaze_3/lib -mlittle-endian -mcpu=v9.5 -mxl-soft-mul -Wl,--no-relax -o "CounterUARTPrint3.elf"  ./src/helloworld.o ./src/platform.o   -Wl,--start-group,-lxil,-lgcc,-lc,--end-group
'Finished building target: CounterUARTPrint3.elf'
' '
'Invoking: MicroBlaze Print Size'
mb-size CounterUARTPrint3.elf  |tee "CounterUARTPrint3.elf.size"
   text	   data	    bss	    dec	    hex	filename
   8848	    400	   2224	  11472	   2cd0	CounterUARTPrint3.elf
'Finished building: CounterUARTPrint3.elf.size'
' '
11:00:16 **** Build of configuration Debug for project BlinkingLED3 ****
make all 
'Building file: ../src/testperiph.c'
'Invoking: MicroBlaze gcc compiler'
mb-gcc -Wall -O0 -g3 -c -fmessage-length=0 -MT"src/testperiph.o" -I../../UARTPrint3_bsp/microblaze_3/include -mlittle-endian -mcpu=v9.5 -mxl-soft-mul -Wl,--no-relax -MMD -MP -MF"src/testperiph.d" -MT"src/testperiph.d" -o "src/testperiph.o" "../src/testperiph.c"
'Finished building: ../src/testperiph.c'
' '
'Building file: ../src/xbram_example.c'
'Invoking: MicroBlaze gcc compiler'
mb-gcc -Wall -O0 -g3 -c -fmessage-length=0 -MT"src/xbram_example.o" -I../../UARTPrint3_bsp/microblaze_3/include -mlittle-endian -mcpu=v9.5 -mxl-soft-mul -Wl,--no-relax -MMD -MP -MF"src/xbram_example.d" -MT"src/xbram_example.d" -o "src/xbram_example.o" "../src/xbram_example.c"
'Finished building: ../src/xbram_example.c'
' '
'Building file: ../src/xbram_intr_example.c'
'Invoking: MicroBlaze gcc compiler'
mb-gcc -Wall -O0 -g3 -c -fmessage-length=0 -MT"src/xbram_intr_example.o" -I../../UARTPrint3_bsp/microblaze_3/include -mlittle-endian -mcpu=v9.5 -mxl-soft-mul -Wl,--no-relax -MMD -MP -MF"src/xbram_intr_example.d" -MT"src/xbram_intr_example.d" -o "src/xbram_intr_example.o" "../src/xbram_intr_example.c"
../src/xbram_intr_example.c: In function 'BramSetupIntrSystem':
../src/xbram_intr_example.c:247:6: warning: variable 'Status' set but not used [-Wunused-but-set-variable]
  int Status;
      ^
'Finished building: ../src/xbram_intr_example.c'
' '
'Building file: ../src/xgpio_tapp_example.c'
'Invoking: MicroBlaze gcc compiler'
mb-gcc -Wall -O0 -g3 -c -fmessage-length=0 -MT"src/xgpio_tapp_example.o" -I../../UARTPrint3_bsp/microblaze_3/include -mlittle-endian -mcpu=v9.5 -mxl-soft-mul -Wl,--no-relax -MMD -MP -MF"src/xgpio_tapp_example.d" -MT"src/xgpio_tapp_example.d" -o "src/xgpio_tapp_example.o" "../src/xgpio_tapp_example.c"
../src/xgpio_tapp_example.c: In function 'GpioOutputExample':
../src/xgpio_tapp_example.c:172:6: warning: unused variable 'Data' [-Wunused-variable]
  u32 Data;
      ^
'Finished building: ../src/xgpio_tapp_example.c'
' '
'Building file: ../src/xintc_tapp_example.c'
'Invoking: MicroBlaze gcc compiler'
mb-gcc -Wall -O0 -g3 -c -fmessage-length=0 -MT"src/xintc_tapp_example.o" -I../../UARTPrint3_bsp/microblaze_3/include -mlittle-endian -mcpu=v9.5 -mxl-soft-mul -Wl,--no-relax -MMD -MP -MF"src/xintc_tapp_example.d" -MT"src/xintc_tapp_example.d" -o "src/xintc_tapp_example.o" "../src/xintc_tapp_example.c"
'Finished building: ../src/xintc_tapp_example.c'
' '
'Building target: BlinkingLED3.elf'
'Invoking: MicroBlaze gcc linker'
mb-gcc -Wl,-T -Wl,../src/lscript.ld -L../../UARTPrint3_bsp/microblaze_3/lib -mlittle-endian -mcpu=v9.5 -mxl-soft-mul -Wl,--no-relax -o "BlinkingLED3.elf"  ./src/testperiph.o ./src/xbram_example.o ./src/xbram_intr_example.o ./src/xgpio_tapp_example.o ./src/xintc_tapp_example.o   -Wl,--start-group,-lxil,-lgcc,-lc,--end-group
'Finished building target: BlinkingLED3.elf'
' '
'Invoking: MicroBlaze Print Size'
mb-size BlinkingLED3.elf  |tee "BlinkingLED3.elf.size"
   text	   data	    bss	    dec	    hex	filename
  23369	    556	   3579	  27504	   6b70	BlinkingLED3.elf
'Finished building: BlinkingLED3.elf.size'
' '
11:06:01 **** Incremental Build of configuration Debug for project LED1 ****
make all 
make: Nothing to be done for `all'.
11:06:01 **** Incremental Build of configuration Debug for project LED2 ****
make all 
make: Nothing to be done for `all'.
11:06:01 **** Incremental Build of configuration Debug for project LED3 ****
make all 
make: Nothing to be done for `all'.
11:06:02 **** Incremental Build of configuration Debug for project UARTPrint1 ****
make all 
make: Nothing to be done for `all'.
11:06:02 **** Incremental Build of configuration Debug for project CounterUARTPrint1 ****
make all 
make: Nothing to be done for `all'.
11:06:03 **** Incremental Build of configuration Debug for project BlinkingLED1 ****
make all 
make: Nothing to be done for `all'.
11:06:03 **** Incremental Build of configuration Debug for project UARTPrint2 ****
make all 
make: Nothing to be done for `all'.
11:06:03 **** Incremental Build of configuration Debug for project CounterUARTPrint2 ****
make all 
make: Nothing to be done for `all'.
11:06:04 **** Incremental Build of configuration Debug for project BlinkingLED2 ****
make all 
make: Nothing to be done for `all'.
11:06:04 **** Incremental Build of configuration Debug for project UARTPrint3 ****
make all 
make: Nothing to be done for `all'.
11:06:04 **** Incremental Build of configuration Debug for project CounterUARTPrint3 ****
make all 
make: Nothing to be done for `all'.
11:06:05 **** Incremental Build of configuration Debug for project BlinkingLED3 ****
make all 
make: Nothing to be done for `all'.
11:06:57 **** Incremental Build of configuration Debug for project LED1 ****
make all 
make: Nothing to be done for `all'.
11:06:57 **** Incremental Build of configuration Debug for project LED2 ****
make all 
make: Nothing to be done for `all'.
11:06:58 **** Incremental Build of configuration Debug for project LED3 ****
make all 
make: Nothing to be done for `all'.
11:06:58 **** Incremental Build of configuration Debug for project UARTPrint1 ****
make all 
make: Nothing to be done for `all'.
11:06:58 **** Incremental Build of configuration Debug for project CounterUARTPrint1 ****
make all 
make: Nothing to be done for `all'.
11:06:59 **** Incremental Build of configuration Debug for project BlinkingLED1 ****
make all 
make: Nothing to be done for `all'.
11:06:59 **** Incremental Build of configuration Debug for project UARTPrint2 ****
make all 
make: Nothing to be done for `all'.
11:06:59 **** Incremental Build of configuration Debug for project CounterUARTPrint2 ****
make all 
make: Nothing to be done for `all'.
11:07:00 **** Incremental Build of configuration Debug for project BlinkingLED2 ****
make all 
make: Nothing to be done for `all'.
11:07:00 **** Incremental Build of configuration Debug for project UARTPrint3 ****
make all 
make: Nothing to be done for `all'.
11:07:00 **** Incremental Build of configuration Debug for project CounterUARTPrint3 ****
make all 
make: Nothing to be done for `all'.
11:07:01 **** Incremental Build of configuration Debug for project BlinkingLED3 ****
make all 
make: Nothing to be done for `all'.
11:07:30 **** Incremental Build of configuration Debug for project LED1 ****
make all 
make: Nothing to be done for `all'.
11:07:30 **** Incremental Build of configuration Debug for project LED2 ****
make all 
make: Nothing to be done for `all'.
11:07:30 **** Incremental Build of configuration Debug for project LED3 ****
make all 
make: Nothing to be done for `all'.
11:07:31 **** Incremental Build of configuration Debug for project UARTPrint1 ****
make all 
make: Nothing to be done for `all'.
11:07:31 **** Incremental Build of configuration Debug for project CounterUARTPrint1 ****
make all 
make: Nothing to be done for `all'.
11:07:31 **** Incremental Build of configuration Debug for project BlinkingLED1 ****
make all 
make: Nothing to be done for `all'.
11:07:32 **** Incremental Build of configuration Debug for project UARTPrint2 ****
make all 
make: Nothing to be done for `all'.
11:07:32 **** Incremental Build of configuration Debug for project CounterUARTPrint2 ****
make all 
make: Nothing to be done for `all'.
11:07:32 **** Incremental Build of configuration Debug for project BlinkingLED2 ****
make all 
make: Nothing to be done for `all'.
11:07:33 **** Incremental Build of configuration Debug for project UARTPrint3 ****
make all 
make: Nothing to be done for `all'.
11:07:33 **** Incremental Build of configuration Debug for project CounterUARTPrint3 ****
make all 
make: Nothing to be done for `all'.
11:07:33 **** Incremental Build of configuration Debug for project BlinkingLED3 ****
make all 
make: Nothing to be done for `all'.
11:07:42 **** Incremental Build of configuration Debug for project LED1 ****
make all 
make: Nothing to be done for `all'.
11:07:42 **** Incremental Build of configuration Debug for project LED2 ****
make all 
make: Nothing to be done for `all'.
11:07:43 **** Incremental Build of configuration Debug for project LED3 ****
make all 
make: Nothing to be done for `all'.
11:07:43 **** Incremental Build of configuration Debug for project UARTPrint1 ****
make all 
make: Nothing to be done for `all'.
11:07:43 **** Incremental Build of configuration Debug for project CounterUARTPrint1 ****
make all 
make: Nothing to be done for `all'.
11:07:44 **** Incremental Build of configuration Debug for project BlinkingLED1 ****
make all 
make: Nothing to be done for `all'.
11:07:44 **** Incremental Build of configuration Debug for project UARTPrint2 ****
make all 
make: Nothing to be done for `all'.
11:07:44 **** Incremental Build of configuration Debug for project CounterUARTPrint2 ****
make all 
make: Nothing to be done for `all'.
11:07:45 **** Incremental Build of configuration Debug for project BlinkingLED2 ****
make all 
make: Nothing to be done for `all'.
11:07:45 **** Incremental Build of configuration Debug for project UARTPrint3 ****
make all 
make: Nothing to be done for `all'.
11:07:45 **** Incremental Build of configuration Debug for project CounterUARTPrint3 ****
make all 
make: Nothing to be done for `all'.
11:07:46 **** Incremental Build of configuration Debug for project BlinkingLED3 ****
make all 
make: Nothing to be done for `all'.
11:07:57 **** Incremental Build of configuration Debug for project LED1 ****
make all 
make: Nothing to be done for `all'.
11:07:57 **** Incremental Build of configuration Debug for project LED2 ****
make all 
make: Nothing to be done for `all'.
11:07:57 **** Incremental Build of configuration Debug for project LED3 ****
make all 
make: Nothing to be done for `all'.
11:07:58 **** Incremental Build of configuration Debug for project UARTPrint1 ****
make all 
make: Nothing to be done for `all'.
11:07:58 **** Incremental Build of configuration Debug for project CounterUARTPrint1 ****
make all 
make: Nothing to be done for `all'.
11:07:58 **** Incremental Build of configuration Debug for project BlinkingLED1 ****
make all 
make: Nothing to be done for `all'.
11:07:59 **** Incremental Build of configuration Debug for project UARTPrint2 ****
make all 
make: Nothing to be done for `all'.
11:07:59 **** Incremental Build of configuration Debug for project CounterUARTPrint2 ****
make all 
make: Nothing to be done for `all'.
11:07:59 **** Incremental Build of configuration Debug for project BlinkingLED2 ****
make all 
make: Nothing to be done for `all'.
11:08:00 **** Incremental Build of configuration Debug for project UARTPrint3 ****
make all 
make: Nothing to be done for `all'.
11:08:00 **** Incremental Build of configuration Debug for project CounterUARTPrint3 ****
make all 
make: Nothing to be done for `all'.
11:08:00 **** Incremental Build of configuration Debug for project BlinkingLED3 ****
make all 
make: Nothing to be done for `all'.
11:08:09 **** Incremental Build of configuration Debug for project LED1 ****
make all 
make: Nothing to be done for `all'.
11:08:09 **** Incremental Build of configuration Debug for project LED2 ****
make all 
make: Nothing to be done for `all'.
11:08:09 **** Incremental Build of configuration Debug for project LED3 ****
make all 
make: Nothing to be done for `all'.
11:08:10 **** Incremental Build of configuration Debug for project UARTPrint1 ****
make all 
make: Nothing to be done for `all'.
11:08:10 **** Incremental Build of configuration Debug for project CounterUARTPrint1 ****
make all 
make: Nothing to be done for `all'.
11:08:10 **** Incremental Build of configuration Debug for project BlinkingLED1 ****
make all 
make: Nothing to be done for `all'.
11:08:11 **** Incremental Build of configuration Debug for project UARTPrint2 ****
make all 
make: Nothing to be done for `all'.
11:08:11 **** Incremental Build of configuration Debug for project CounterUARTPrint2 ****
make all 
make: Nothing to be done for `all'.
11:08:11 **** Incremental Build of configuration Debug for project BlinkingLED2 ****
make all 
make: Nothing to be done for `all'.
11:08:12 **** Incremental Build of configuration Debug for project UARTPrint3 ****
make all 
make: Nothing to be done for `all'.
11:08:12 **** Incremental Build of configuration Debug for project CounterUARTPrint3 ****
make all 
make: Nothing to be done for `all'.
11:08:12 **** Incremental Build of configuration Debug for project BlinkingLED3 ****
make all 
make: Nothing to be done for `all'.
11:08:44 **** Incremental Build of configuration Debug for project LED1 ****
make all 
make: Nothing to be done for `all'.
11:08:44 **** Incremental Build of configuration Debug for project LED2 ****
make all 
make: Nothing to be done for `all'.
11:08:44 **** Incremental Build of configuration Debug for project LED3 ****
make all 
make: Nothing to be done for `all'.
11:08:45 **** Incremental Build of configuration Debug for project UARTPrint1 ****
make all 
make: Nothing to be done for `all'.
11:08:45 **** Incremental Build of configuration Debug for project CounterUARTPrint1 ****
make all 
make: Nothing to be done for `all'.
11:08:45 **** Incremental Build of configuration Debug for project BlinkingLED1 ****
make all 
make: Nothing to be done for `all'.
11:08:45 **** Incremental Build of configuration Debug for project UARTPrint2 ****
make all 
make: Nothing to be done for `all'.
11:08:46 **** Incremental Build of configuration Debug for project CounterUARTPrint2 ****
make all 
make: Nothing to be done for `all'.
11:08:46 **** Incremental Build of configuration Debug for project BlinkingLED2 ****
make all 
make: Nothing to be done for `all'.
11:08:46 **** Incremental Build of configuration Debug for project UARTPrint3 ****
make all 
make: Nothing to be done for `all'.
11:08:47 **** Incremental Build of configuration Debug for project CounterUARTPrint3 ****
make all 
make: Nothing to be done for `all'.
11:08:47 **** Incremental Build of configuration Debug for project BlinkingLED3 ****
make all 
make: Nothing to be done for `all'.
14:15:38 **** Build of project LED1_bsp ****
make -k all 
"Running Make include in microblaze_0/libsrc/bram_v4_0/src"
make -C microblaze_0/libsrc/bram_v4_0/src -s include  "SHELL=CMD" "COMPILER=mb-gcc" "ARCHIVER=mb-ar" "COMPILER_FLAGS= -O2 -c -mcpu=v9.5 -mlittle-endian -mxl-soft-mul" "EXTRA_COMPILER_FLAGS=-g"
"Running Make include in microblaze_0/libsrc/cpu_v2_3/src"
make -C microblaze_0/libsrc/cpu_v2_3/src -s include  "SHELL=CMD" "COMPILER=mb-gcc" "ARCHIVER=mb-ar" "COMPILER_FLAGS= -O2 -c -mcpu=v9.5 -mlittle-endian -mxl-soft-mul" "EXTRA_COMPILER_FLAGS=-g"
"Running Make include in microblaze_0/libsrc/gpio_v4_0/src"
make -C microblaze_0/libsrc/gpio_v4_0/src -s include  "SHELL=CMD" "COMPILER=mb-gcc" "ARCHIVER=mb-ar" "COMPILER_FLAGS= -O2 -c -mcpu=v9.5 -mlittle-endian -mxl-soft-mul" "EXTRA_COMPILER_FLAGS=-g"
"Running Make include in microblaze_0/libsrc/intc_v3_4/src"
make -C microblaze_0/libsrc/intc_v3_4/src -s include  "SHELL=CMD" "COMPILER=mb-gcc" "ARCHIVER=mb-ar" "COMPILER_FLAGS= -O2 -c -mcpu=v9.5 -mlittle-endian -mxl-soft-mul" "EXTRA_COMPILER_FLAGS=-g"
"Running Make include in microblaze_0/libsrc/standalone_v5_3/src"
make -C microblaze_0/libsrc/standalone_v5_3/src -s include  "SHELL=CMD" "COMPILER=mb-gcc" "ARCHIVER=mb-ar" "COMPILER_FLAGS= -O2 -c -mcpu=v9.5 -mlittle-endian -mxl-soft-mul" "EXTRA_COMPILER_FLAGS=-g"
"Running Make libs in microblaze_0/libsrc/bram_v4_0/src"
make -C microblaze_0/libsrc/bram_v4_0/src -s libs  "SHELL=CMD" "COMPILER=mb-gcc" "ARCHIVER=mb-ar" "COMPILER_FLAGS= -O2 -c -mcpu=v9.5 -mlittle-endian -mxl-soft-mul" "EXTRA_COMPILER_FLAGS=-g"
"Compiling bram"
mb-ar: creating ../../../lib/libxil.a
"Running Make libs in microblaze_0/libsrc/cpu_v2_3/src"
make -C microblaze_0/libsrc/cpu_v2_3/src -s libs  "SHELL=CMD" "COMPILER=mb-gcc" "ARCHIVER=mb-ar" "COMPILER_FLAGS= -O2 -c -mcpu=v9.5 -mlittle-endian -mxl-soft-mul" "EXTRA_COMPILER_FLAGS=-g"
"Compiling cpu"
"Running Make libs in microblaze_0/libsrc/gpio_v4_0/src"
make -C microblaze_0/libsrc/gpio_v4_0/src -s libs  "SHELL=CMD" "COMPILER=mb-gcc" "ARCHIVER=mb-ar" "COMPILER_FLAGS= -O2 -c -mcpu=v9.5 -mlittle-endian -mxl-soft-mul" "EXTRA_COMPILER_FLAGS=-g"
"Compiling gpio"
"Running Make libs in microblaze_0/libsrc/intc_v3_4/src"
make -C microblaze_0/libsrc/intc_v3_4/src -s libs  "SHELL=CMD" "COMPILER=mb-gcc" "ARCHIVER=mb-ar" "COMPILER_FLAGS= -O2 -c -mcpu=v9.5 -mlittle-endian -mxl-soft-mul" "EXTRA_COMPILER_FLAGS=-g"
"Compiling intc"
"Running Make libs in microblaze_0/libsrc/standalone_v5_3/src"
make -C microblaze_0/libsrc/standalone_v5_3/src -s libs  "SHELL=CMD" "COMPILER=mb-gcc" "ARCHIVER=mb-ar" "COMPILER_FLAGS= -O2 -c -mcpu=v9.5 -mlittle-endian -mxl-soft-mul" "EXTRA_COMPILER_FLAGS=-g"
"Compiling standalone";
'Finished building libraries'
14:15:44 **** Build of configuration Debug for project LED1 ****
make all 
'Building file: ../src/testperiph.c'
'Invoking: MicroBlaze gcc compiler'
mb-gcc -Wall -O0 -g3 -c -fmessage-length=0 -MT"src/testperiph.o" -I../../LED1_bsp/microblaze_0/include -mlittle-endian -mcpu=v9.5 -mxl-soft-mul -Wl,--no-relax -MMD -MP -MF"src/testperiph.d" -MT"src/testperiph.d" -o "src/testperiph.o" "../src/testperiph.c"
../src/testperiph.c: In function 'main':
../src/testperiph.c:50:11: warning: variable 'status' set but not used [-Wunused-but-set-variable]
       int status;
           ^
../src/testperiph.c:57:12: warning: variable 'Status' set but not used [-Wunused-but-set-variable]
        int Status;
            ^
../src/testperiph.c:65:11: warning: variable 'status' set but not used [-Wunused-but-set-variable]
       int status;
           ^
../src/testperiph.c:71:11: warning: variable 'status' set but not used [-Wunused-but-set-variable]
       int status;
           ^
../src/testperiph.c:77:12: warning: variable 'Status' set but not used [-Wunused-but-set-variable]
        int Status;
            ^
../src/testperiph.c:87:11: warning: variable 'status' set but not used [-Wunused-but-set-variable]
       int status;
           ^
../src/testperiph.c:93:12: warning: variable 'Status' set but not used [-Wunused-but-set-variable]
        int Status;
            ^
'Finished building: ../src/testperiph.c'
' '
'Building file: ../src/xbram_example.c'
'Invoking: MicroBlaze gcc compiler'
mb-gcc -Wall -O0 -g3 -c -fmessage-length=0 -MT"src/xbram_example.o" -I../../LED1_bsp/microblaze_0/include -mlittle-endian -mcpu=v9.5 -mxl-soft-mul -Wl,--no-relax -MMD -MP -MF"src/xbram_example.d" -MT"src/xbram_example.d" -o "src/xbram_example.o" "../src/xbram_example.c"
'Finished building: ../src/xbram_example.c'
' '
'Building file: ../src/xbram_intr_example.c'
'Invoking: MicroBlaze gcc compiler'
mb-gcc -Wall -O0 -g3 -c -fmessage-length=0 -MT"src/xbram_intr_example.o" -I../../LED1_bsp/microblaze_0/include -mlittle-endian -mcpu=v9.5 -mxl-soft-mul -Wl,--no-relax -MMD -MP -MF"src/xbram_intr_example.d" -MT"src/xbram_intr_example.d" -o "src/xbram_intr_example.o" "../src/xbram_intr_example.c"
../src/xbram_intr_example.c: In function 'BramSetupIntrSystem':
../src/xbram_intr_example.c:247:6: warning: variable 'Status' set but not used [-Wunused-but-set-variable]
  int Status;
      ^
'Finished building: ../src/xbram_intr_example.c'
' '
'Building file: ../src/xgpio_tapp_example.c'
'Invoking: MicroBlaze gcc compiler'
mb-gcc -Wall -O0 -g3 -c -fmessage-length=0 -MT"src/xgpio_tapp_example.o" -I../../LED1_bsp/microblaze_0/include -mlittle-endian -mcpu=v9.5 -mxl-soft-mul -Wl,--no-relax -MMD -MP -MF"src/xgpio_tapp_example.d" -MT"src/xgpio_tapp_example.d" -o "src/xgpio_tapp_example.o" "../src/xgpio_tapp_example.c"
../src/xgpio_tapp_example.c: In function 'GpioOutputExample':
../src/xgpio_tapp_example.c:172:6: warning: unused variable 'Data' [-Wunused-variable]
  u32 Data;
      ^
'Finished building: ../src/xgpio_tapp_example.c'
' '
'Building file: ../src/xintc_tapp_example.c'
'Invoking: MicroBlaze gcc compiler'
mb-gcc -Wall -O0 -g3 -c -fmessage-length=0 -MT"src/xintc_tapp_example.o" -I../../LED1_bsp/microblaze_0/include -mlittle-endian -mcpu=v9.5 -mxl-soft-mul -Wl,--no-relax -MMD -MP -MF"src/xintc_tapp_example.d" -MT"src/xintc_tapp_example.d" -o "src/xintc_tapp_example.o" "../src/xintc_tapp_example.c"
'Finished building: ../src/xintc_tapp_example.c'
' '
'Building target: LED1.elf'
'Invoking: MicroBlaze gcc linker'
mb-gcc -Wl,-T -Wl,../src/lscript.ld -L../../LED1_bsp/microblaze_0/lib -mlittle-endian -mcpu=v9.5 -mxl-soft-mul -Wl,--no-relax -o "LED1.elf"  ./src/testperiph.o ./src/xbram_example.o ./src/xbram_intr_example.o ./src/xgpio_tapp_example.o ./src/xintc_tapp_example.o   -Wl,--start-group,-lxil,-lgcc,-lc,--end-group
'Finished building target: LED1.elf'
' '
'Invoking: MicroBlaze Print Size'
mb-size LED1.elf  |tee "LED1.elf.size"
   text	   data	    bss	    dec	    hex	filename
  18760	    552	   2544	  21856	   5560	LED1.elf
'Finished building: LED1.elf.size'
' '
14:15:47 **** Build of project LED2_bsp ****
make -k all 
"Running Make include in microblaze_4/libsrc/bram_v4_0/src"
make -C microblaze_4/libsrc/bram_v4_0/src -s include  "SHELL=CMD" "COMPILER=mb-gcc" "ARCHIVER=mb-ar" "COMPILER_FLAGS= -O2 -c -mcpu=v9.5 -mlittle-endian -mxl-soft-mul" "EXTRA_COMPILER_FLAGS=-g"
"Running Make include in microblaze_4/libsrc/cpu_v2_3/src"
make -C microblaze_4/libsrc/cpu_v2_3/src -s include  "SHELL=CMD" "COMPILER=mb-gcc" "ARCHIVER=mb-ar" "COMPILER_FLAGS= -O2 -c -mcpu=v9.5 -mlittle-endian -mxl-soft-mul" "EXTRA_COMPILER_FLAGS=-g"
"Running Make include in microblaze_4/libsrc/gpio_v4_0/src"
make -C microblaze_4/libsrc/gpio_v4_0/src -s include  "SHELL=CMD" "COMPILER=mb-gcc" "ARCHIVER=mb-ar" "COMPILER_FLAGS= -O2 -c -mcpu=v9.5 -mlittle-endian -mxl-soft-mul" "EXTRA_COMPILER_FLAGS=-g"
"Running Make include in microblaze_4/libsrc/intc_v3_4/src"
make -C microblaze_4/libsrc/intc_v3_4/src -s include  "SHELL=CMD" "COMPILER=mb-gcc" "ARCHIVER=mb-ar" "COMPILER_FLAGS= -O2 -c -mcpu=v9.5 -mlittle-endian -mxl-soft-mul" "EXTRA_COMPILER_FLAGS=-g"
"Running Make include in microblaze_4/libsrc/standalone_v5_3/src"
make -C microblaze_4/libsrc/standalone_v5_3/src -s include  "SHELL=CMD" "COMPILER=mb-gcc" "ARCHIVER=mb-ar" "COMPILER_FLAGS= -O2 -c -mcpu=v9.5 -mlittle-endian -mxl-soft-mul" "EXTRA_COMPILER_FLAGS=-g"
"Running Make libs in microblaze_4/libsrc/bram_v4_0/src"
make -C microblaze_4/libsrc/bram_v4_0/src -s libs  "SHELL=CMD" "COMPILER=mb-gcc" "ARCHIVER=mb-ar" "COMPILER_FLAGS= -O2 -c -mcpu=v9.5 -mlittle-endian -mxl-soft-mul" "EXTRA_COMPILER_FLAGS=-g"
"Compiling bram"
mb-ar: creating ../../../lib/libxil.a
"Running Make libs in microblaze_4/libsrc/cpu_v2_3/src"
make -C microblaze_4/libsrc/cpu_v2_3/src -s libs  "SHELL=CMD" "COMPILER=mb-gcc" "ARCHIVER=mb-ar" "COMPILER_FLAGS= -O2 -c -mcpu=v9.5 -mlittle-endian -mxl-soft-mul" "EXTRA_COMPILER_FLAGS=-g"
"Compiling cpu"
"Running Make libs in microblaze_4/libsrc/gpio_v4_0/src"
make -C microblaze_4/libsrc/gpio_v4_0/src -s libs  "SHELL=CMD" "COMPILER=mb-gcc" "ARCHIVER=mb-ar" "COMPILER_FLAGS= -O2 -c -mcpu=v9.5 -mlittle-endian -mxl-soft-mul" "EXTRA_COMPILER_FLAGS=-g"
"Compiling gpio"
"Running Make libs in microblaze_4/libsrc/intc_v3_4/src"
make -C microblaze_4/libsrc/intc_v3_4/src -s libs  "SHELL=CMD" "COMPILER=mb-gcc" "ARCHIVER=mb-ar" "COMPILER_FLAGS= -O2 -c -mcpu=v9.5 -mlittle-endian -mxl-soft-mul" "EXTRA_COMPILER_FLAGS=-g"
"Compiling intc"
"Running Make libs in microblaze_4/libsrc/standalone_v5_3/src"
make -C microblaze_4/libsrc/standalone_v5_3/src -s libs  "SHELL=CMD" "COMPILER=mb-gcc" "ARCHIVER=mb-ar" "COMPILER_FLAGS= -O2 -c -mcpu=v9.5 -mlittle-endian -mxl-soft-mul" "EXTRA_COMPILER_FLAGS=-g"
"Compiling standalone";
'Finished building libraries'
14:15:51 **** Build of configuration Debug for project LED2 ****
make all 
'Building file: ../src/testperiph.c'
'Invoking: MicroBlaze gcc compiler'
mb-gcc -Wall -O0 -g3 -c -fmessage-length=0 -MT"src/testperiph.o" -I../../LED2_bsp/microblaze_4/include -mlittle-endian -mcpu=v9.5 -mxl-soft-mul -Wl,--no-relax -MMD -MP -MF"src/testperiph.d" -MT"src/testperiph.d" -o "src/testperiph.o" "../src/testperiph.c"
../src/testperiph.c: In function 'main':
../src/testperiph.c:50:11: warning: variable 'status' set but not used [-Wunused-but-set-variable]
       int status;
           ^
../src/testperiph.c:57:12: warning: variable 'Status' set but not used [-Wunused-but-set-variable]
        int Status;
            ^
../src/testperiph.c:65:11: warning: variable 'status' set but not used [-Wunused-but-set-variable]
       int status;
           ^
../src/testperiph.c:71:11: warning: variable 'status' set but not used [-Wunused-but-set-variable]
       int status;
           ^
../src/testperiph.c:77:12: warning: variable 'Status' set but not used [-Wunused-but-set-variable]
        int Status;
            ^
../src/testperiph.c:87:11: warning: variable 'status' set but not used [-Wunused-but-set-variable]
       int status;
           ^
../src/testperiph.c:93:12: warning: variable 'Status' set but not used [-Wunused-but-set-variable]
        int Status;
            ^
'Finished building: ../src/testperiph.c'
' '
'Building file: ../src/xbram_example.c'
'Invoking: MicroBlaze gcc compiler'
mb-gcc -Wall -O0 -g3 -c -fmessage-length=0 -MT"src/xbram_example.o" -I../../LED2_bsp/microblaze_4/include -mlittle-endian -mcpu=v9.5 -mxl-soft-mul -Wl,--no-relax -MMD -MP -MF"src/xbram_example.d" -MT"src/xbram_example.d" -o "src/xbram_example.o" "../src/xbram_example.c"
'Finished building: ../src/xbram_example.c'
' '
'Building file: ../src/xbram_intr_example.c'
'Invoking: MicroBlaze gcc compiler'
mb-gcc -Wall -O0 -g3 -c -fmessage-length=0 -MT"src/xbram_intr_example.o" -I../../LED2_bsp/microblaze_4/include -mlittle-endian -mcpu=v9.5 -mxl-soft-mul -Wl,--no-relax -MMD -MP -MF"src/xbram_intr_example.d" -MT"src/xbram_intr_example.d" -o "src/xbram_intr_example.o" "../src/xbram_intr_example.c"
../src/xbram_intr_example.c: In function 'BramSetupIntrSystem':
../src/xbram_intr_example.c:247:6: warning: variable 'Status' set but not used [-Wunused-but-set-variable]
  int Status;
      ^
'Finished building: ../src/xbram_intr_example.c'
' '
'Building file: ../src/xgpio_tapp_example.c'
'Invoking: MicroBlaze gcc compiler'
mb-gcc -Wall -O0 -g3 -c -fmessage-length=0 -MT"src/xgpio_tapp_example.o" -I../../LED2_bsp/microblaze_4/include -mlittle-endian -mcpu=v9.5 -mxl-soft-mul -Wl,--no-relax -MMD -MP -MF"src/xgpio_tapp_example.d" -MT"src/xgpio_tapp_example.d" -o "src/xgpio_tapp_example.o" "../src/xgpio_tapp_example.c"
../src/xgpio_tapp_example.c: In function 'GpioOutputExample':
../src/xgpio_tapp_example.c:172:6: warning: unused variable 'Data' [-Wunused-variable]
  u32 Data;
      ^
'Finished building: ../src/xgpio_tapp_example.c'
' '
'Building file: ../src/xintc_tapp_example.c'
'Invoking: MicroBlaze gcc compiler'
mb-gcc -Wall -O0 -g3 -c -fmessage-length=0 -MT"src/xintc_tapp_example.o" -I../../LED2_bsp/microblaze_4/include -mlittle-endian -mcpu=v9.5 -mxl-soft-mul -Wl,--no-relax -MMD -MP -MF"src/xintc_tapp_example.d" -MT"src/xintc_tapp_example.d" -o "src/xintc_tapp_example.o" "../src/xintc_tapp_example.c"
'Finished building: ../src/xintc_tapp_example.c'
' '
'Building target: LED2.elf'
'Invoking: MicroBlaze gcc linker'
mb-gcc -Wl,-T -Wl,../src/lscript.ld -L../../LED2_bsp/microblaze_4/lib -mlittle-endian -mcpu=v9.5 -mxl-soft-mul -Wl,--no-relax -o "LED2.elf"  ./src/testperiph.o ./src/xbram_example.o ./src/xbram_intr_example.o ./src/xgpio_tapp_example.o ./src/xintc_tapp_example.o   -Wl,--start-group,-lxil,-lgcc,-lc,--end-group
'Finished building target: LED2.elf'
' '
'Invoking: MicroBlaze Print Size'
mb-size LED2.elf  |tee "LED2.elf.size"
   text	   data	    bss	    dec	    hex	filename
  18760	    552	   2544	  21856	   5560	LED2.elf
'Finished building: LED2.elf.size'
' '
14:15:53 **** Build of project LED3_bsp ****
make -k all 
"Running Make include in microblaze_5/libsrc/bram_v4_0/src"
make -C microblaze_5/libsrc/bram_v4_0/src -s include  "SHELL=CMD" "COMPILER=mb-gcc" "ARCHIVER=mb-ar" "COMPILER_FLAGS= -O2 -c -mcpu=v9.5 -mlittle-endian -mxl-soft-mul" "EXTRA_COMPILER_FLAGS=-g"
"Running Make include in microblaze_5/libsrc/cpu_v2_3/src"
make -C microblaze_5/libsrc/cpu_v2_3/src -s include  "SHELL=CMD" "COMPILER=mb-gcc" "ARCHIVER=mb-ar" "COMPILER_FLAGS= -O2 -c -mcpu=v9.5 -mlittle-endian -mxl-soft-mul" "EXTRA_COMPILER_FLAGS=-g"
"Running Make include in microblaze_5/libsrc/gpio_v4_0/src"
make -C microblaze_5/libsrc/gpio_v4_0/src -s include  "SHELL=CMD" "COMPILER=mb-gcc" "ARCHIVER=mb-ar" "COMPILER_FLAGS= -O2 -c -mcpu=v9.5 -mlittle-endian -mxl-soft-mul" "EXTRA_COMPILER_FLAGS=-g"
"Running Make include in microblaze_5/libsrc/intc_v3_4/src"
make -C microblaze_5/libsrc/intc_v3_4/src -s include  "SHELL=CMD" "COMPILER=mb-gcc" "ARCHIVER=mb-ar" "COMPILER_FLAGS= -O2 -c -mcpu=v9.5 -mlittle-endian -mxl-soft-mul" "EXTRA_COMPILER_FLAGS=-g"
"Running Make include in microblaze_5/libsrc/standalone_v5_3/src"
[...]
20:35:05 **** Incremental Build of configuration Debug for project LED3 ****
make all 
make: Nothing to be done for `all'.
20:35:05 **** Incremental Build of configuration Debug for project UARTPrint1 ****
make all 
make: Nothing to be done for `all'.
20:35:06 **** Incremental Build of configuration Debug for project CounterUARTPrint1 ****
make all 
make: Nothing to be done for `all'.
20:35:06 **** Incremental Build of configuration Debug for project BlinkingLED1 ****
make all 
make: Nothing to be done for `all'.
20:35:06 **** Incremental Build of configuration Debug for project UARTPrint2 ****
make all 
make: Nothing to be done for `all'.
20:35:06 **** Incremental Build of configuration Debug for project CounterUARTPrint2 ****
make all 
make: Nothing to be done for `all'.
20:35:07 **** Incremental Build of configuration Debug for project BlinkingLED2 ****
make all 
make: Nothing to be done for `all'.
20:35:07 **** Incremental Build of configuration Debug for project UARTPrint3 ****
make all 
make: Nothing to be done for `all'.
20:35:07 **** Incremental Build of configuration Debug for project CounterUARTPrint3 ****
make all 
make: Nothing to be done for `all'.
20:35:08 **** Incremental Build of configuration Debug for project BlinkingLED3 ****
make all 
make: Nothing to be done for `all'.
20:35:20 **** Incremental Build of configuration Debug for project LED1 ****
make all 
make: Nothing to be done for `all'.
20:35:20 **** Incremental Build of configuration Debug for project LED2 ****
make all 
make: Nothing to be done for `all'.
20:35:21 **** Incremental Build of configuration Debug for project LED3 ****
make all 
make: Nothing to be done for `all'.
20:35:21 **** Incremental Build of configuration Debug for project UARTPrint1 ****
make all 
make: Nothing to be done for `all'.
20:35:21 **** Incremental Build of configuration Debug for project CounterUARTPrint1 ****
make all 
make: Nothing to be done for `all'.
20:35:21 **** Incremental Build of configuration Debug for project BlinkingLED1 ****
make all 
make: Nothing to be done for `all'.
20:35:22 **** Incremental Build of configuration Debug for project UARTPrint2 ****
make all 
make: Nothing to be done for `all'.
20:35:22 **** Incremental Build of configuration Debug for project CounterUARTPrint2 ****
make all 
make: Nothing to be done for `all'.
20:35:22 **** Incremental Build of configuration Debug for project BlinkingLED2 ****
make all 
make: Nothing to be done for `all'.
20:35:23 **** Incremental Build of configuration Debug for project UARTPrint3 ****
make all 
make: Nothing to be done for `all'.
20:35:23 **** Incremental Build of configuration Debug for project CounterUARTPrint3 ****
make all 
make: Nothing to be done for `all'.
20:35:23 **** Incremental Build of configuration Debug for project BlinkingLED3 ****
make all 
make: Nothing to be done for `all'.
20:36:48 **** Incremental Build of configuration Debug for project LED1 ****
make all 
make: Nothing to be done for `all'.
20:36:48 **** Incremental Build of configuration Debug for project LED2 ****
make all 
make: Nothing to be done for `all'.
20:36:49 **** Incremental Build of configuration Debug for project LED3 ****
make all 
make: Nothing to be done for `all'.
20:36:49 **** Incremental Build of configuration Debug for project UARTPrint1 ****
make all 
make: Nothing to be done for `all'.
20:36:49 **** Incremental Build of configuration Debug for project CounterUARTPrint1 ****
make all 
make: Nothing to be done for `all'.
20:36:50 **** Incremental Build of configuration Debug for project BlinkingLED1 ****
make all 
make: Nothing to be done for `all'.
20:36:50 **** Incremental Build of configuration Debug for project UARTPrint2 ****
make all 
make: Nothing to be done for `all'.
20:36:50 **** Incremental Build of configuration Debug for project CounterUARTPrint2 ****
make all 
make: Nothing to be done for `all'.
20:36:50 **** Incremental Build of configuration Debug for project BlinkingLED2 ****
make all 
make: Nothing to be done for `all'.
20:36:51 **** Incremental Build of configuration Debug for project UARTPrint3 ****
make all 
make: Nothing to be done for `all'.
20:36:51 **** Incremental Build of configuration Debug for project CounterUARTPrint3 ****
make all 
make: Nothing to be done for `all'.
20:36:51 **** Incremental Build of configuration Debug for project BlinkingLED3 ****
make all 
make: Nothing to be done for `all'.
20:36:52 **** Incremental Build of configuration Debug for project LED1 ****
make all 
make: Nothing to be done for `all'.
20:36:52 **** Incremental Build of configuration Debug for project LED2 ****
make all 
make: Nothing to be done for `all'.
20:36:52 **** Incremental Build of configuration Debug for project LED3 ****
make all 
make: Nothing to be done for `all'.
20:36:53 **** Incremental Build of configuration Debug for project UARTPrint1 ****
make all 
make: Nothing to be done for `all'.
20:36:53 **** Incremental Build of configuration Debug for project CounterUARTPrint1 ****
make all 
make: Nothing to be done for `all'.
20:36:53 **** Incremental Build of configuration Debug for project BlinkingLED1 ****
make all 
make: Nothing to be done for `all'.
20:36:54 **** Incremental Build of configuration Debug for project UARTPrint2 ****
make all 
make: Nothing to be done for `all'.
20:36:54 **** Incremental Build of configuration Debug for project CounterUARTPrint2 ****
make all 
make: Nothing to be done for `all'.
20:36:54 **** Incremental Build of configuration Debug for project BlinkingLED2 ****
make all 
make: Nothing to be done for `all'.
20:36:55 **** Incremental Build of configuration Debug for project UARTPrint3 ****
make all 
make: Nothing to be done for `all'.
20:36:55 **** Incremental Build of configuration Debug for project CounterUARTPrint3 ****
make all 
make: Nothing to be done for `all'.
20:36:55 **** Incremental Build of configuration Debug for project BlinkingLED3 ****
make all 
make: Nothing to be done for `all'.
10:15:05 **** Incremental Build of configuration Debug for project LED1 ****
make all 
make: Nothing to be done for `all'.
10:15:08 **** Incremental Build of configuration Debug for project LED2 ****
make all 
make: Nothing to be done for `all'.
10:15:09 **** Incremental Build of configuration Debug for project LED3 ****
make all 
make: Nothing to be done for `all'.
10:15:09 **** Incremental Build of configuration Debug for project UARTPrint1 ****
make all 
make: Nothing to be done for `all'.
10:15:09 **** Incremental Build of configuration Debug for project CounterUARTPrint1 ****
make all 
make: Nothing to be done for `all'.
10:15:10 **** Incremental Build of configuration Debug for project BlinkingLED1 ****
make all 
make: Nothing to be done for `all'.
10:15:10 **** Incremental Build of configuration Debug for project UARTPrint2 ****
make all 
make: Nothing to be done for `all'.
10:15:11 **** Incremental Build of configuration Debug for project CounterUARTPrint2 ****
make all 
make: Nothing to be done for `all'.
10:15:11 **** Incremental Build of configuration Debug for project BlinkingLED2 ****
make all 
make: Nothing to be done for `all'.
10:15:12 **** Incremental Build of configuration Debug for project UARTPrint3 ****
make all 
make: Nothing to be done for `all'.
10:15:12 **** Incremental Build of configuration Debug for project CounterUARTPrint3 ****
make all 
make: Nothing to be done for `all'.
10:15:13 **** Incremental Build of configuration Debug for project BlinkingLED3 ****
make all 
make: Nothing to be done for `all'.
10:15:13 **** Incremental Build of configuration Debug for project LED1 ****
make all 
make: Nothing to be done for `all'.
10:15:14 **** Incremental Build of configuration Debug for project LED2 ****
make all 
make: Nothing to be done for `all'.
10:15:14 **** Incremental Build of configuration Debug for project LED3 ****
make all 
make: Nothing to be done for `all'.
10:15:14 **** Incremental Build of configuration Debug for project UARTPrint1 ****
make all 
make: Nothing to be done for `all'.
10:15:15 **** Incremental Build of configuration Debug for project CounterUARTPrint1 ****
make all 
make: Nothing to be done for `all'.
10:15:15 **** Incremental Build of configuration Debug for project BlinkingLED1 ****
make all 
make: Nothing to be done for `all'.
10:15:15 **** Incremental Build of configuration Debug for project UARTPrint2 ****
make all 
make: Nothing to be done for `all'.
10:15:16 **** Incremental Build of configuration Debug for project CounterUARTPrint2 ****
make all 
make: Nothing to be done for `all'.
10:15:16 **** Incremental Build of configuration Debug for project BlinkingLED2 ****
make all 
make: Nothing to be done for `all'.
10:15:17 **** Incremental Build of configuration Debug for project UARTPrint3 ****
make all 
make: Nothing to be done for `all'.
10:15:17 **** Incremental Build of configuration Debug for project CounterUARTPrint3 ****
make all 
make: Nothing to be done for `all'.
10:15:17 **** Incremental Build of configuration Debug for project BlinkingLED3 ****
make all 
make: Nothing to be done for `all'.
10:15:18 **** Incremental Build of configuration Debug for project LED1 ****
make all 
make: Nothing to be done for `all'.
10:15:18 **** Incremental Build of configuration Debug for project LED2 ****
make all 
make: Nothing to be done for `all'.
10:15:19 **** Incremental Build of configuration Debug for project LED3 ****
make all 
make: Nothing to be done for `all'.
10:15:19 **** Incremental Build of configuration Debug for project UARTPrint1 ****
make all 
make: Nothing to be done for `all'.
10:15:20 **** Incremental Build of configuration Debug for project CounterUARTPrint1 ****
make all 
make: Nothing to be done for `all'.
10:15:20 **** Incremental Build of configuration Debug for project BlinkingLED1 ****
make all 
make: Nothing to be done for `all'.
10:15:21 **** Incremental Build of configuration Debug for project UARTPrint2 ****
make all 
make: Nothing to be done for `all'.
10:15:21 **** Incremental Build of configuration Debug for project CounterUARTPrint2 ****
make all 
make: Nothing to be done for `all'.
10:15:22 **** Incremental Build of configuration Debug for project BlinkingLED2 ****
make all 
make: Nothing to be done for `all'.
10:15:22 **** Incremental Build of configuration Debug for project UARTPrint3 ****
make all 
make: Nothing to be done for `all'.
10:15:22 **** Incremental Build of configuration Debug for project CounterUARTPrint3 ****
make all 
make: Nothing to be done for `all'.
10:15:23 **** Incremental Build of configuration Debug for project BlinkingLED3 ****
make all 
make: Nothing to be done for `all'.
10:15:23 **** Incremental Build of configuration Debug for project LED1 ****
make all 
make: Nothing to be done for `all'.
10:15:24 **** Incremental Build of configuration Debug for project LED2 ****
make all 
make: Nothing to be done for `all'.
10:15:24 **** Incremental Build of configuration Debug for project LED3 ****
make all 
make: Nothing to be done for `all'.
10:15:24 **** Incremental Build of configuration Debug for project UARTPrint1 ****
make all 
make: Nothing to be done for `all'.
10:15:25 **** Incremental Build of configuration Debug for project CounterUARTPrint1 ****
make all 
make: Nothing to be done for `all'.
10:15:25 **** Incremental Build of configuration Debug for project BlinkingLED1 ****
make all 
make: Nothing to be done for `all'.
10:15:25 **** Incremental Build of configuration Debug for project UARTPrint2 ****
make all 
make: Nothing to be done for `all'.
10:15:26 **** Incremental Build of configuration Debug for project CounterUARTPrint2 ****
make all 
make: Nothing to be done for `all'.
10:15:26 **** Incremental Build of configuration Debug for project BlinkingLED2 ****
make all 
make: Nothing to be done for `all'.
10:15:26 **** Incremental Build of configuration Debug for project UARTPrint3 ****
make all 
make: Nothing to be done for `all'.
10:15:27 **** Incremental Build of configuration Debug for project CounterUARTPrint3 ****
make all 
make: Nothing to be done for `all'.
10:15:27 **** Incremental Build of configuration Debug for project BlinkingLED3 ****
make all 
make: Nothing to be done for `all'.
10:15:27 **** Incremental Build of configuration Debug for project LED1 ****
make all 
make: Nothing to be done for `all'.
10:15:28 **** Incremental Build of configuration Debug for project LED2 ****
make all 
make: Nothing to be done for `all'.
10:15:28 **** Incremental Build of configuration Debug for project LED3 ****
make all 
make: Nothing to be done for `all'.
10:15:28 **** Incremental Build of configuration Debug for project UARTPrint1 ****
make all 
make: Nothing to be done for `all'.
10:15:29 **** Incremental Build of configuration Debug for project CounterUARTPrint1 ****
make all 
make: Nothing to be done for `all'.
10:15:29 **** Incremental Build of configuration Debug for project BlinkingLED1 ****
make all 
make: Nothing to be done for `all'.
10:15:29 **** Incremental Build of configuration Debug for project UARTPrint2 ****
make all 
make: Nothing to be done for `all'.
10:15:29 **** Incremental Build of configuration Debug for project CounterUARTPrint2 ****
make all 
make: Nothing to be done for `all'.
10:15:30 **** Incremental Build of configuration Debug for project BlinkingLED2 ****
make all 
make: Nothing to be done for `all'.
10:15:30 **** Incremental Build of configuration Debug for project UARTPrint3 ****
make all 
make: Nothing to be done for `all'.
10:15:30 **** Incremental Build of configuration Debug for project CounterUARTPrint3 ****
make all 
make: Nothing to be done for `all'.
10:15:31 **** Incremental Build of configuration Debug for project BlinkingLED3 ****
make all 
make: Nothing to be done for `all'.
10:15:31 **** Incremental Build of configuration Debug for project LED1 ****
make all 
make: Nothing to be done for `all'.
10:15:31 **** Incremental Build of configuration Debug for project LED2 ****
make all 
make: Nothing to be done for `all'.
10:15:32 **** Incremental Build of configuration Debug for project LED3 ****
make all 
make: Nothing to be done for `all'.
10:15:32 **** Incremental Build of configuration Debug for project UARTPrint1 ****
make all 
make: Nothing to be done for `all'.
10:15:32 **** Incremental Build of configuration Debug for project CounterUARTPrint1 ****
make all 
make: Nothing to be done for `all'.
10:15:33 **** Incremental Build of configuration Debug for project BlinkingLED1 ****
make all 
make: Nothing to be done for `all'.
10:15:33 **** Incremental Build of configuration Debug for project UARTPrint2 ****
make all 
make: Nothing to be done for `all'.
10:15:33 **** Incremental Build of configuration Debug for project CounterUARTPrint2 ****
make all 
make: Nothing to be done for `all'.
10:15:34 **** Incremental Build of configuration Debug for project BlinkingLED2 ****
make all 
make: Nothing to be done for `all'.
10:15:36 **** Incremental Build of configuration Debug for project UARTPrint3 ****
make all 
make: Nothing to be done for `all'.
10:15:37 **** Incremental Build of configuration Debug for project CounterUARTPrint3 ****
make all 
make: Nothing to be done for `all'.
10:15:38 **** Incremental Build of configuration Debug for project BlinkingLED3 ****
make all 
make: Nothing to be done for `all'.
10:15:38 **** Incremental Build of configuration Debug for project LED1 ****
make all 
make: Nothing to be done for `all'.
10:15:38 **** Incremental Build of configuration Debug for project LED2 ****
make all 
make: Nothing to be done for `all'.
10:15:39 **** Incremental Build of configuration Debug for project LED3 ****
make all 
make: Nothing to be done for `all'.
10:15:39 **** Incremental Build of configuration Debug for project UARTPrint1 ****
make all 
make: Nothing to be done for `all'.
10:15:40 **** Incremental Build of configuration Debug for project CounterUARTPrint1 ****
make all 
make: Nothing to be done for `all'.
10:15:40 **** Incremental Build of configuration Debug for project BlinkingLED1 ****
make all 
make: Nothing to be done for `all'.
10:15:40 **** Incremental Build of configuration Debug for project UARTPrint2 ****
make all 
make: Nothing to be done for `all'.
10:15:41 **** Incremental Build of configuration Debug for project CounterUARTPrint2 ****
make all 
make: Nothing to be done for `all'.
10:15:41 **** Incremental Build of configuration Debug for project BlinkingLED2 ****
make all 
make: Nothing to be done for `all'.
10:15:41 **** Incremental Build of configuration Debug for project UARTPrint3 ****
make all 
make: Nothing to be done for `all'.
10:15:42 **** Incremental Build of configuration Debug for project CounterUARTPrint3 ****
make all 
make: Nothing to be done for `all'.
10:15:42 **** Incremental Build of configuration Debug for project BlinkingLED3 ****
make all 
make: Nothing to be done for `all'.
10:15:49 **** Incremental Build of configuration Debug for project LED1 ****
make all 
make: Nothing to be done for `all'.
10:15:49 **** Incremental Build of configuration Debug for project LED2 ****
make all 
make: Nothing to be done for `all'.
10:15:50 **** Incremental Build of configuration Debug for project LED3 ****
make all 
make: Nothing to be done for `all'.
10:15:50 **** Incremental Build of configuration Debug for project UARTPrint1 ****
make all 
make: Nothing to be done for `all'.
10:15:50 **** Incremental Build of configuration Debug for project CounterUARTPrint1 ****
make all 
make: Nothing to be done for `all'.
10:15:51 **** Incremental Build of configuration Debug for project BlinkingLED1 ****
make all 
make: Nothing to be done for `all'.
10:15:51 **** Incremental Build of configuration Debug for project UARTPrint2 ****
make all 
make: Nothing to be done for `all'.
10:15:51 **** Incremental Build of configuration Debug for project CounterUARTPrint2 ****
make all 
make: Nothing to be done for `all'.
10:15:52 **** Incremental Build of configuration Debug for project BlinkingLED2 ****
make all 
make: Nothing to be done for `all'.
10:15:52 **** Incremental Build of configuration Debug for project UARTPrint3 ****
make all 
make: Nothing to be done for `all'.
10:15:52 **** Incremental Build of configuration Debug for project CounterUARTPrint3 ****
make all 
make: Nothing to be done for `all'.
10:15:53 **** Incremental Build of configuration Debug for project BlinkingLED3 ****
make all 
make: Nothing to be done for `all'.
10:15:53 **** Incremental Build of configuration Debug for project LED1 ****
make all 
make: Nothing to be done for `all'.
10:15:53 **** Incremental Build of configuration Debug for project LED2 ****
make all 
make: Nothing to be done for `all'.
10:15:54 **** Incremental Build of configuration Debug for project LED3 ****
make all 
make: Nothing to be done for `all'.
10:15:54 **** Incremental Build of configuration Debug for project UARTPrint1 ****
make all 
make: Nothing to be done for `all'.
10:15:54 **** Incremental Build of configuration Debug for project CounterUARTPrint1 ****
make all 
make: Nothing to be done for `all'.
10:15:54 **** Incremental Build of configuration Debug for project BlinkingLED1 ****
make all 
make: Nothing to be done for `all'.
10:15:55 **** Incremental Build of configuration Debug for project UARTPrint2 ****
make all 
make: Nothing to be done for `all'.
10:15:55 **** Incremental Build of configuration Debug for project CounterUARTPrint2 ****
make all 
make: Nothing to be done for `all'.
10:15:55 **** Incremental Build of configuration Debug for project BlinkingLED2 ****
make all 
make: Nothing to be done for `all'.
10:15:56 **** Incremental Build of configuration Debug for project UARTPrint3 ****
make all 
make: Nothing to be done for `all'.
10:15:56 **** Incremental Build of configuration Debug for project CounterUARTPrint3 ****
make all 
make: Nothing to be done for `all'.
10:15:56 **** Incremental Build of configuration Debug for project BlinkingLED3 ****
make all 
make: Nothing to be done for `all'.
